<html>
<body>
<pre>
<h1>礦ision Build Log</h1>
<h2>Tool Versions:</h2>
IDE-Version: μVision V5.14.0.0
Copyright (C) 2015 ARM Ltd and ARM Germany GmbH. All rights reserved.
License Information: alientek ALIENTEK, alientek, LIC=P6F30-B6QWQ-NSTYQ-NADBU-EHBEX-H88UC
 
Tool Versions:
Toolchain:       MDK-ARM Professional  Version: 5.14.0.0
Toolchain Path:  E:\ruanjian\MDK5\ARM\ARMCC\Bin
C Compiler:      Armcc.exe V5.05 update 1 (build 106)
Assembler:       Armasm.exe V5.05 update 1 (build 106)
Linker/Locator:  ArmLink.exe V5.05 update 1 (build 106)
Library Manager: ArmAr.exe V5.05 update 1 (build 106)
Hex Converter:   FromElf.exe V5.05 update 1 (build 106)
CPU DLL:         SARMCM3.DLL V5.14.0.0
Dialog DLL:      DCM.DLL V1.13.1.0
Target DLL:      STLink\ST-LINKIII-KEIL_SWO.dll V2.0.14.0_KEIL
Dialog DLL:      TCM.DLL V1.14.4.0
 
<h2>Project:</h2>
D:\简宝山\工作总结\温雨站\程序\STM32Cube_FW_L1_V1.6.0\Projects\NMDT_ADAM\Applications\FreeRTOS\FreeRTOS_ThreadCreation\MDK-ARM\Project.uvprojx
Project File Date:  01/25/2018

<h2>Output:</h2>
Rebuild target 'STM32L152C-Discovery'
compiling tasks.c...
compiling list.c...
compiling timers.c...
compiling queue.c...
compiling cmsis_os.c...
assembling startup_stm32l152xc.s...
compiling stm32l152c_discovery.c...
compiling system_stm32l1xx.c...
compiling sys_time_module.c...
compiling usart_module.c...
compiling measure_moudle.c...
compiling main.c...
compiling stm32l1xx_it.c...
compiling usart.c...
compiling rtc.c...
compiling iwdg.c...
compiling time_related.c...
compiling sd_io_low.c...
compiling tim.c...
compiling adc.c...
compiling ds18b20.c...
compiling ad7705.c...
compiling sensor.c...
compiling pcf8563.c...
compiling gpio.c...
compiling eeprom.c...
compiling stm32l1xx_hal_cortex.c...
compiling stm32l1xx_hal.c...
compiling stm32l1xx_hal_rcc_ex.c...
compiling stm32l1xx_hal_pwr.c...
compiling stm32l1xx_hal_pwr_ex.c...
compiling stm32l1xx_hal_rcc.c...
compiling stm32l1xx_hal_gpio.c...
compiling stm32l1xx_hal_adc.c...
compiling stm32l1xx_hal_adc_ex.c...
compiling stm32l1xx_hal_flash.c...
compiling stm32l1xx_hal_flash_ex.c...
compiling stm32l1xx_hal_iwdg.c...
compiling stm32l1xx_hal_rtc.c...
compiling stm32l1xx_hal_rtc_ex.c...
compiling stm32l1xx_hal_spi.c...
compiling stm32l1xx_hal_spi_ex.c...
compiling stm32l1xx_hal_tim.c...
compiling stm32l1xx_hal_tim_ex.c...
compiling stm32l1xx_hal_uart.c...
compiling stm32l1xx_hal_usart.c...
compiling stm32l1xx_hal_dma.c...
compiling stm32l1xx_hal_i2c.c...
compiling stm32l1xx_hal_sd.c...
compiling stm32l1xx_hal_smartcard.c...
compiling stm32l1xx_ll_sdmmc.c...
compiling stm32l1xx_ll_spi.c...
compiling stm32l1xx_ll_usart.c...
compiling stm32l1xx_ll_rtc.c...
compiling stm32l1xx_ll_rcc.c...
compiling stm32l1xx_ll_pwr.c...
compiling stm32l1xx_ll_gpio.c...
compiling stm32l1xx_ll_i2c.c...
compiling port.c...
compiling heap_4.c...
compiling diskio.c...
compiling ff.c...
compiling ff_gen_drv.c...
compiling sd_diskio.c...
compiling syscall.c...
compiling unicode.c...
compiling stm32_adafruit_sd.c...
linking...
Program Size: Code=32264 RO-data=680 RW-data=208 ZI-data=9448  
FromELF: creating hex file...
".\STM32L152C-Discovery\STM32L152C-Discovery.axf" - 0 Error(s), 0 Warning(s).

<h2>Software Packages used:</h2>

Package Vendor: ARM
                http://www.keil.com/pack/ARM.CMSIS.4.2.0.pack
                ARM::CMSIS:CORE:3.40.0
                CMSIS (Cortex Microcontroller Software Interface Standard)
   * Component: CORE Version: 3.40.0

<h2>Collection of Component include folders:</h2>
  D:\简宝山\工作总结\温雨站\程序\STM32Cube_FW_L1_V1.6.0\Projects\NMDT_ADAM\Applications\FreeRTOS\FreeRTOS_ThreadCreation\MDK-ARM\RTE
  E:\ruanjian\MDK5\ARM\PACK\ARM\CMSIS\4.2.0\CMSIS\Include
  E:\ruanjian\MDK5\ARM\PACK\Keil\STM32L1xx_DFP\1.1.0

<h2>Collection of Component Files used:</h2>

   * Component: ARM::CMSIS:CORE:3.40.0
      Source file:   CMSIS\UserCodeTemplates\ARM\ITM_Retarget.c
</pre>
</body>
</html>
