Component: ARM Compiler 5.05 update 1 (build 106) Tool: armlink [4d0efa]

==============================================================================

Section Cross References

    tasks.o(i.eTaskConfirmSleepModeStatus) refers to tasks.o(.bss) for .bss
    tasks.o(i.eTaskConfirmSleepModeStatus) refers to tasks.o(.data) for .data
    tasks.o(i.eTaskGetState) refers to port.o(.emb_text) for ulPortSetInterruptMask
    tasks.o(i.eTaskGetState) refers to port.o(i.vPortEnterCritical) for vPortEnterCritical
    tasks.o(i.eTaskGetState) refers to port.o(i.vPortExitCritical) for vPortExitCritical
    tasks.o(i.eTaskGetState) refers to tasks.o(.data) for .data
    tasks.o(i.eTaskGetState) refers to tasks.o(.bss) for .bss
    tasks.o(i.prvAddCurrentTaskToDelayedList) refers to list.o(i.vListInsert) for vListInsert
    tasks.o(i.prvAddCurrentTaskToDelayedList) refers to tasks.o(.data) for .data
    tasks.o(i.prvCheckTasksWaitingTermination) refers to tasks.o(i.vTaskSuspendAll) for vTaskSuspendAll
    tasks.o(i.prvCheckTasksWaitingTermination) refers to tasks.o(i.xTaskResumeAll) for xTaskResumeAll
    tasks.o(i.prvCheckTasksWaitingTermination) refers to port.o(i.vPortEnterCritical) for vPortEnterCritical
    tasks.o(i.prvCheckTasksWaitingTermination) refers to list.o(i.uxListRemove) for uxListRemove
    tasks.o(i.prvCheckTasksWaitingTermination) refers to port.o(i.vPortExitCritical) for vPortExitCritical
    tasks.o(i.prvCheckTasksWaitingTermination) refers to heap_4.o(i.vPortFree) for vPortFree
    tasks.o(i.prvCheckTasksWaitingTermination) refers to tasks.o(.bss) for .bss
    tasks.o(i.prvCheckTasksWaitingTermination) refers to tasks.o(.data) for .data
    tasks.o(i.prvGetExpectedIdleTime) refers to tasks.o(.data) for .data
    tasks.o(i.prvGetExpectedIdleTime) refers to tasks.o(.bss) for .bss
    tasks.o(i.prvIdleTask) refers to tasks.o(i.prvCheckTasksWaitingTermination) for prvCheckTasksWaitingTermination
    tasks.o(i.prvIdleTask) refers to port.o(i.vPortYield) for vPortYield
    tasks.o(i.prvIdleTask) refers to tasks.o(i.prvGetExpectedIdleTime) for prvGetExpectedIdleTime
    tasks.o(i.prvIdleTask) refers to tasks.o(i.vTaskSuspendAll) for vTaskSuspendAll
    tasks.o(i.prvIdleTask) refers to port.o(.emb_text) for ulPortSetInterruptMask
    tasks.o(i.prvIdleTask) refers to port.o(i.vPortSuppressTicksAndSleep) for vPortSuppressTicksAndSleep
    tasks.o(i.prvIdleTask) refers to tasks.o(i.xTaskResumeAll) for xTaskResumeAll
    tasks.o(i.prvIdleTask) refers to tasks.o(.bss) for .bss
    tasks.o(i.prvIdleTask) refers to tasks.o(.data) for .data
    tasks.o(i.prvResetNextTaskUnblockTime) refers to tasks.o(.data) for .data
    tasks.o(i.prvTaskIsTaskSuspended) refers to port.o(.emb_text) for ulPortSetInterruptMask
    tasks.o(i.prvTaskIsTaskSuspended) refers to tasks.o(.bss) for .bss
    tasks.o(i.pvTaskIncrementMutexHeldCount) refers to tasks.o(.data) for .data
    tasks.o(i.ulTaskNotifyTake) refers to port.o(i.vPortEnterCritical) for vPortEnterCritical
    tasks.o(i.ulTaskNotifyTake) refers to list.o(i.uxListRemove) for uxListRemove
    tasks.o(i.ulTaskNotifyTake) refers to tasks.o(i.prvAddCurrentTaskToDelayedList) for prvAddCurrentTaskToDelayedList
    tasks.o(i.ulTaskNotifyTake) refers to port.o(i.vPortYield) for vPortYield
    tasks.o(i.ulTaskNotifyTake) refers to port.o(i.vPortExitCritical) for vPortExitCritical
    tasks.o(i.ulTaskNotifyTake) refers to list.o(i.vListInsertEnd) for vListInsertEnd
    tasks.o(i.ulTaskNotifyTake) refers to tasks.o(.data) for .data
    tasks.o(i.ulTaskNotifyTake) refers to tasks.o(.bss) for .bss
    tasks.o(i.uxTaskGetNumberOfTasks) refers to tasks.o(.data) for .data
    tasks.o(i.uxTaskGetSystemState) refers to tasks.o(i.vTaskSuspendAll) for vTaskSuspendAll
    tasks.o(i.uxTaskGetSystemState) refers to tasks.o(i.prvListTaskWithinSingleList) for prvListTaskWithinSingleList
    tasks.o(i.uxTaskGetSystemState) refers to tasks.o(i.xTaskResumeAll) for xTaskResumeAll
    tasks.o(i.uxTaskGetSystemState) refers to tasks.o(.data) for .data
    tasks.o(i.uxTaskGetSystemState) refers to tasks.o(.bss) for .bss
    tasks.o(i.uxTaskPriorityGet) refers to port.o(i.vPortEnterCritical) for vPortEnterCritical
    tasks.o(i.uxTaskPriorityGet) refers to port.o(i.vPortExitCritical) for vPortExitCritical
    tasks.o(i.uxTaskPriorityGet) refers to tasks.o(.data) for .data
    tasks.o(i.uxTaskPriorityGetFromISR) refers to port.o(i.vPortValidateInterruptPriority) for vPortValidateInterruptPriority
    tasks.o(i.uxTaskPriorityGetFromISR) refers to port.o(.emb_text) for ulPortSetInterruptMask
    tasks.o(i.uxTaskPriorityGetFromISR) refers to tasks.o(.data) for .data
    tasks.o(i.uxTaskResetEventItemValue) refers to tasks.o(.data) for .data
    tasks.o(i.vTaskDelay) refers to port.o(.emb_text) for ulPortSetInterruptMask
    tasks.o(i.vTaskDelay) refers to tasks.o(i.vTaskSuspendAll) for vTaskSuspendAll
    tasks.o(i.vTaskDelay) refers to list.o(i.uxListRemove) for uxListRemove
[...]
    i.vTaskPriorityInherit                   0x08007460   Section        0  tasks.o(i.vTaskPriorityInherit)
    i.vTaskSetTimeOutState                   0x080074e4   Section        0  tasks.o(i.vTaskSetTimeOutState)
    i.vTaskStartScheduler                    0x08007500   Section        0  tasks.o(i.vTaskStartScheduler)
    i.vTaskStepTick                          0x08007554   Section        0  tasks.o(i.vTaskStepTick)
    i.vTaskSuspendAll                        0x08007574   Section        0  tasks.o(i.vTaskSuspendAll)
    i.vTaskSwitchContext                     0x08007584   Section        0  tasks.o(i.vTaskSwitchContext)
    i.xPortStartScheduler                    0x080075d8   Section        0  port.o(i.xPortStartScheduler)
    i.xPortSysTickHandler                    0x0800764c   Section        0  port.o(i.xPortSysTickHandler)
    i.xQueueCreateCountingSemaphore          0x08007670   Section        0  queue.o(i.xQueueCreateCountingSemaphore)
    i.xQueueCreateMutex                      0x0800769a   Section        0  queue.o(i.xQueueCreateMutex)
    i.xQueueGenericCreate                    0x080076e4   Section        0  queue.o(i.xQueueGenericCreate)
    i.xQueueGenericReceive                   0x08007734   Section        0  queue.o(i.xQueueGenericReceive)
    i.xQueueGenericReset                     0x08007862   Section        0  queue.o(i.xQueueGenericReset)
    i.xQueueGenericSend                      0x080078cc   Section        0  queue.o(i.xQueueGenericSend)
    i.xQueueGiveFromISR                      0x080079e0   Section        0  queue.o(i.xQueueGiveFromISR)
    i.xQueueReceiveFromISR                   0x08007a56   Section        0  queue.o(i.xQueueReceiveFromISR)
    i.xTaskCheckForTimeOut                   0x08007acc   Section        0  tasks.o(i.xTaskCheckForTimeOut)
    i.xTaskGenericCreate                     0x08007b24   Section        0  tasks.o(i.xTaskGenericCreate)
    i.xTaskGetSchedulerState                 0x08007cb0   Section        0  tasks.o(i.xTaskGetSchedulerState)
    i.xTaskIncrementTick                     0x08007ccc   Section        0  tasks.o(i.xTaskIncrementTick)
    i.xTaskPriorityDisinherit                0x08007d8c   Section        0  tasks.o(i.xTaskPriorityDisinherit)
    i.xTaskRemoveFromEventList               0x08007e10   Section        0  tasks.o(i.xTaskRemoveFromEventList)
    i.xTaskResumeAll                         0x08007e80   Section        0  tasks.o(i.xTaskResumeAll)
    .constdata                               0x08007f2c   Section       25  system_stm32l1xx.o(.constdata)
    .constdata                               0x08007f45   Section        8  system_stm32l1xx.o(.constdata)
    .constdata                               0x08007f50   Section       20  sys_time_module.o(.constdata)
    .constdata                               0x08007f64   Section       20  usart_module.o(.constdata)
    .constdata                               0x08007f78   Section       20  measure_moudle.o(.constdata)
    .constdata                               0x08007f8c   Section      172  sensor.o(.constdata)
    MONTH_DAY                                0x08007f8c   Data          52  sensor.o(.constdata)
    RTD_TAB_PT100                            0x08007fc0   Data          60  sensor.o(.constdata)
    TEMP_COMPARISON_TABLE                    0x08007ffc   Data          60  sensor.o(.constdata)
    .constdata                               0x08008038   Section       64  ctype_c.o(.constdata)
    .conststring                             0x08008078   Section        8  sys_time_module.o(.conststring)
    .conststring                             0x08008080   Section        7  usart_module.o(.conststring)
    .conststring                             0x08008088   Section        8  measure_moudle.o(.conststring)
    .data                                    0x20000000   Section       56  tasks.o(.data)
    uxTasksDeleted                           0x20000004   Data           4  tasks.o(.data)
    uxCurrentNumberOfTasks                   0x20000008   Data           4  tasks.o(.data)
    xTickCount                               0x2000000c   Data           4  tasks.o(.data)
    uxTopReadyPriority                       0x20000010   Data           4  tasks.o(.data)
    xSchedulerRunning                        0x20000014   Data           4  tasks.o(.data)
    uxPendedTicks                            0x20000018   Data           4  tasks.o(.data)
    xYieldPending                            0x2000001c   Data           4  tasks.o(.data)
    xNumOfOverflows                          0x20000020   Data           4  tasks.o(.data)
    uxTaskNumber                             0x20000024   Data           4  tasks.o(.data)
    xNextTaskUnblockTime                     0x20000028   Data           4  tasks.o(.data)
    uxSchedulerSuspended                     0x2000002c   Data           4  tasks.o(.data)
    pxDelayedTaskList                        0x20000030   Data           4  tasks.o(.data)
    pxOverflowDelayedTaskList                0x20000034   Data           4  tasks.o(.data)
    .data                                    0x20000038   Section        4  system_stm32l1xx.o(.data)
    .data                                    0x2000003c   Section       16  sys_time_module.o(.data)
    sys_date                                 0x2000003c   Data           4  sys_time_module.o(.data)
    SysTimeThreadHandle                      0x20000040   Data           4  sys_time_module.o(.data)
    semaphore                                0x20000044   Data           4  sys_time_module.o(.data)
    mutex                                    0x20000048   Data           4  sys_time_module.o(.data)
    .data                                    0x2000004c   Section       20  usart_module.o(.data)
    cr1_begin                                0x2000004c   Data           1  usart_module.o(.data)
    rx1_cplt                                 0x2000004d   Data           1  usart_module.o(.data)
    rx1_count                                0x20000050   Data           4  usart_module.o(.data)
    Usart_Date                               0x20000054   Data           4  usart_module.o(.data)
    Usart1ThreadHandle                       0x20000058   Data           4  usart_module.o(.data)
    semaphore_usart1                         0x2000005c   Data           4  usart_module.o(.data)
    .data                                    0x20000060   Section       24  measure_moudle.o(.data)
    AD_ERROR                                 0x20000060   Data           1  measure_moudle.o(.data)
    SD_STATUS_OK                             0x20000061   Data           1  measure_moudle.o(.data)
    first_power                              0x20000064   Data           4  measure_moudle.o(.data)
    Measure_Date                             0x20000068   Data           4  measure_moudle.o(.data)
    MeasureThreadHandle                      0x2000006c   Data           4  measure_moudle.o(.data)
    semaphore                                0x20000070   Data           4  measure_moudle.o(.data)
    mutex                                    0x20000074   Data           4  measure_moudle.o(.data)
    .data                                    0x20000078   Section        4  sd_io_low.o(.data)
    .data                                    0x2000007c   Section        4  ad7705.o(.data)
    SpixTimeout                              0x2000007c   Data           4  ad7705.o(.data)
    .data                                    0x20000080   Section       14  pcf8563.o(.data)
    .data                                    0x20000090   Section        4  stm32l1xx_hal.o(.data)
    .data                                    0x20000094   Section       24  port.o(.data)
    ucMaxSysCallPriority                     0x20000094   Data           1  port.o(.data)
    uxCriticalNesting                        0x20000098   Data           4  port.o(.data)
    ulTimerCountsForOneTick                  0x2000009c   Data           4  port.o(.data)
    xMaximumPossibleSuppressedTicks          0x200000a0   Data           4  port.o(.data)
    ulStoppedTimerCompensation               0x200000a4   Data           4  port.o(.data)
    ulMaxPRIGROUPValue                       0x200000a8   Data           4  port.o(.data)
    .data                                    0x200000ac   Section       24  heap_4.o(.data)
    pxEnd                                    0x200000ac   Data           4  heap_4.o(.data)
    xFreeBytesRemaining                      0x200000b0   Data           4  heap_4.o(.data)
    xMinimumEverFreeBytesRemaining           0x200000b4   Data           4  heap_4.o(.data)
    xBlockAllocatedBit                       0x200000b8   Data           4  heap_4.o(.data)
    xStart                                   0x200000bc   Data           8  heap_4.o(.data)
    .data                                    0x200000c4   Section        1  stm32_adafruit_sd.o(.data)
    .data                                    0x200000c8   Section        4  stdout.o(.data)
    .data                                    0x200000cc   Section        4  errno.o(.data)
    _errno                                   0x200000cc   Data           4  errno.o(.data)
    .bss                                     0x200000d0   Section      240  tasks.o(.bss)
    pxReadyTasksLists                        0x200000d0   Data         140  tasks.o(.bss)
    xDelayedTaskList1                        0x2000015c   Data          20  tasks.o(.bss)
    xDelayedTaskList2                        0x20000170   Data          20  tasks.o(.bss)
    xPendingReadyList                        0x20000184   Data          20  tasks.o(.bss)
    xTasksWaitingTermination                 0x20000198   Data          20  tasks.o(.bss)
    xSuspendedTaskList                       0x200001ac   Data          20  tasks.o(.bss)
    .bss                                     0x200001c0   Section       20  sys_time_module.o(.bss)
    sys_time                                 0x200001c0   Data          20  sys_time_module.o(.bss)
    .bss                                     0x200001d4   Section      532  usart_module.o(.bss)
    rx1_buffer                               0x200001d4   Data         512  usart_module.o(.bss)
    Usart_Time                               0x200003d4   Data          20  usart_module.o(.bss)
    .bss                                     0x200003e8   Section       64  measure_moudle.o(.bss)
    Measure_Time                             0x200003e8   Data          20  measure_moudle.o(.bss)
    .bss                                     0x20000428   Section       64  usart.o(.bss)
    .bss                                     0x20000468   Section       32  rtc.o(.bss)
    .bss                                     0x20000488   Section       12  iwdg.o(.bss)
    .bss                                     0x20000494   Section       88  sd_io_low.o(.bss)
    hsd_Spi                                  0x20000494   Data          88  sd_io_low.o(.bss)
    .bss                                     0x200004ec   Section       84  adc.o(.bss)
    .bss                                     0x20000540   Section       88  ad7705.o(.bss)
    had7705_Spi                              0x20000540   Data          88  ad7705.o(.bss)
    .bss                                     0x20000598   Section      388  sensor.o(.bss)
    .bss                                     0x2000071c   Section      512  sensor.o(.bss)
    .bss                                     0x2000091c   Section       24  stm32l1xx_hal_flash.o(.bss)
    .bss                                     0x20000934   Section     3200  heap_4.o(.bss)
    ucHeap                                   0x20000934   Data        3200  heap_4.o(.bss)
    STACK                                    0x200015b8   Section     4096  startup_stm32l152xc.o(STACK)

    Global Symbols

    Symbol Name                              Value     Ov Type        Size  Object(Section)

    BuildAttributes$$THM_ISAv4$P$D$K$B$S$PE$A:L22UL41UL21$X:L11$S22US41US21$IEEE1$IW$USESV6$~STKCKD$USESV7$~SHL$OTIME$ROPI$IEEEJ$EBA8$MICROLIB$REQ8$PRES8$EABIv2 0x00000000   Number         0  anon$$obj.o ABSOLUTE
    __ARM_use_no_argv                        0x00000000   Number         0  main.o ABSOLUTE
    _printf_a                                0x00000000   Number         0  stubs.o ABSOLUTE
    _printf_c                                0x00000000   Number         0  stubs.o ABSOLUTE
    _printf_charcount                        0x00000000   Number         0  stubs.o ABSOLUTE
    _printf_d                                0x00000000   Number         0  stubs.o ABSOLUTE
    _printf_e                                0x00000000   Number         0  stubs.o ABSOLUTE
    _printf_f                                0x00000000   Number         0  stubs.o ABSOLUTE
    _printf_flags                            0x00000000   Number         0  stubs.o ABSOLUTE
    _printf_fp_dec                           0x00000000   Number         0  stubs.o ABSOLUTE
    _printf_fp_hex                           0x00000000   Number         0  stubs.o ABSOLUTE
    _printf_g                                0x00000000   Number         0  stubs.o ABSOLUTE
    _printf_i                                0x00000000   Number         0  stubs.o ABSOLUTE
    _printf_int_dec                          0x00000000   Number         0  stubs.o ABSOLUTE
    _printf_l                                0x00000000   Number         0  stubs.o ABSOLUTE
    _printf_lc                               0x00000000   Number         0  stubs.o ABSOLUTE
    _printf_ll                               0x00000000   Number         0  stubs.o ABSOLUTE
    _printf_lld                              0x00000000   Number         0  stubs.o ABSOLUTE
    _printf_lli                              0x00000000   Number         0  stubs.o ABSOLUTE
    _printf_llo                              0x00000000   Number         0  stubs.o ABSOLUTE
    _printf_llu                              0x00000000   Number         0  stubs.o ABSOLUTE
    _printf_llx                              0x00000000   Number         0  stubs.o ABSOLUTE
    _printf_longlong_dec                     0x00000000   Number         0  stubs.o ABSOLUTE
    _printf_longlong_hex                     0x00000000   Number         0  stubs.o ABSOLUTE
    _printf_longlong_oct                     0x00000000   Number         0  stubs.o ABSOLUTE
    _printf_ls                               0x00000000   Number         0  stubs.o ABSOLUTE
    _printf_mbtowc                           0x00000000   Number         0  stubs.o ABSOLUTE
    _printf_n                                0x00000000   Number         0  stubs.o ABSOLUTE
    _printf_o                                0x00000000   Number         0  stubs.o ABSOLUTE
    _printf_p                                0x00000000   Number         0  stubs.o ABSOLUTE
    _printf_percent                          0x00000000   Number         0  stubs.o ABSOLUTE
    _printf_pre_padding                      0x00000000   Number         0  stubs.o ABSOLUTE
    _printf_return_value                     0x00000000   Number         0  stubs.o ABSOLUTE
    _printf_s                                0x00000000   Number         0  stubs.o ABSOLUTE
    _printf_sizespec                         0x00000000   Number         0  stubs.o ABSOLUTE
    _printf_str                              0x00000000   Number         0  stubs.o ABSOLUTE
    _printf_truncate_signed                  0x00000000   Number         0  stubs.o ABSOLUTE
    _printf_truncate_unsigned                0x00000000   Number         0  stubs.o ABSOLUTE
    _printf_u                                0x00000000   Number         0  stubs.o ABSOLUTE
    _printf_wc                               0x00000000   Number         0  stubs.o ABSOLUTE
    _printf_wctomb                           0x00000000   Number         0  stubs.o ABSOLUTE
    _printf_widthprec                        0x00000000   Number         0  stubs.o ABSOLUTE
    _printf_x                                0x00000000   Number         0  stubs.o ABSOLUTE
    __cpp_initialize__aeabi_                  - Undefined Weak Reference
    __cxa_finalize                            - Undefined Weak Reference
    __decompress                              - Undefined Weak Reference
    _clock_init                               - Undefined Weak Reference
    _microlib_exit                            - Undefined Weak Reference
    __Vectors_Size                           0x00000124   Number         0  startup_stm32l152xc.o ABSOLUTE
    __Vectors                                0x08000000   Data           4  startup_stm32l152xc.o(RESET)
    __Vectors_End                            0x08000124   Data           0  startup_stm32l152xc.o(RESET)
    __main                                   0x08000125   Thumb Code     0  entry.o(.ARM.Collect$$$$00000000)
    _main_stk                                0x08000125   Thumb Code     0  entry2.o(.ARM.Collect$$$$00000001)
    _main_scatterload                        0x08000129   Thumb Code     0  entry5.o(.ARM.Collect$$$$00000004)
    __main_after_scatterload                 0x0800012d   Thumb Code     0  entry5.o(.ARM.Collect$$$$00000004)
    _main_clock                              0x0800012d   Thumb Code     0  entry7b.o(.ARM.Collect$$$$00000008)
    _main_cpp_init                           0x0800012d   Thumb Code     0  entry8b.o(.ARM.Collect$$$$0000000A)
    _main_init                               0x0800012d   Thumb Code     0  entry9a.o(.ARM.Collect$$$$0000000B)
    __rt_final_cpp                           0x08000135   Thumb Code     0  entry10a.o(.ARM.Collect$$$$0000000D)
    __rt_final_exit                          0x08000135   Thumb Code     0  entry11a.o(.ARM.Collect$$$$0000000F)
    SVC_Handler                              0x08000139   Thumb Code    32  port.o(.emb_text)
    __asm___6_port_c_39a90d8d__prvStartFirstTask 0x0800015d   Thumb Code    28  port.o(.emb_text)
    PendSV_Handler                           0x0800017d   Thumb Code    64  port.o(.emb_text)
    ulPortSetInterruptMask                   0x080001c1   Thumb Code    14  port.o(.emb_text)
    vPortClearInterruptMask                  0x080001cf   Thumb Code     6  port.o(.emb_text)
    vPortGetIPSR                             0x080001d5   Thumb Code     6  port.o(.emb_text)
    Reset_Handler                            0x080001dd   Thumb Code     8  startup_stm32l152xc.o(.text)
    ADC1_IRQHandler                          0x080001f7   Thumb Code     0  startup_stm32l152xc.o(.text)
    COMP_ACQ_IRQHandler                      0x080001f7   Thumb Code     0  startup_stm32l152xc.o(.text)
    COMP_IRQHandler                          0x080001f7   Thumb Code     0  startup_stm32l152xc.o(.text)
    DAC_IRQHandler                           0x080001f7   Thumb Code     0  startup_stm32l152xc.o(.text)
    DMA1_Channel1_IRQHandler                 0x080001f7   Thumb Code     0  startup_stm32l152xc.o(.text)
    DMA1_Channel2_IRQHandler                 0x080001f7   Thumb Code     0  startup_stm32l152xc.o(.text)
    DMA1_Channel3_IRQHandler                 0x080001f7   Thumb Code     0  startup_stm32l152xc.o(.text)
    DMA1_Channel4_IRQHandler                 0x080001f7   Thumb Code     0  startup_stm32l152xc.o(.text)
    DMA1_Channel5_IRQHandler                 0x080001f7   Thumb Code     0  startup_stm32l152xc.o(.text)
    DMA1_Channel6_IRQHandler                 0x080001f7   Thumb Code     0  startup_stm32l152xc.o(.text)
    DMA1_Channel7_IRQHandler                 0x080001f7   Thumb Code     0  startup_stm32l152xc.o(.text)
    DMA2_Channel1_IRQHandler                 0x080001f7   Thumb Code     0  startup_stm32l152xc.o(.text)
    DMA2_Channel2_IRQHandler                 0x080001f7   Thumb Code     0  startup_stm32l152xc.o(.text)
    DMA2_Channel3_IRQHandler                 0x080001f7   Thumb Code     0  startup_stm32l152xc.o(.text)
    DMA2_Channel4_IRQHandler                 0x080001f7   Thumb Code     0  startup_stm32l152xc.o(.text)
    DMA2_Channel5_IRQHandler                 0x080001f7   Thumb Code     0  startup_stm32l152xc.o(.text)
    EXTI0_IRQHandler                         0x080001f7   Thumb Code     0  startup_stm32l152xc.o(.text)
    EXTI15_10_IRQHandler                     0x080001f7   Thumb Code     0  startup_stm32l152xc.o(.text)
    EXTI1_IRQHandler                         0x080001f7   Thumb Code     0  startup_stm32l152xc.o(.text)
    EXTI2_IRQHandler                         0x080001f7   Thumb Code     0  startup_stm32l152xc.o(.text)
    EXTI3_IRQHandler                         0x080001f7   Thumb Code     0  startup_stm32l152xc.o(.text)
    EXTI4_IRQHandler                         0x080001f7   Thumb Code     0  startup_stm32l152xc.o(.text)
    FLASH_IRQHandler                         0x080001f7   Thumb Code     0  startup_stm32l152xc.o(.text)
    I2C1_ER_IRQHandler                       0x080001f7   Thumb Code     0  startup_stm32l152xc.o(.text)
    I2C1_EV_IRQHandler                       0x080001f7   Thumb Code     0  startup_stm32l152xc.o(.text)
    I2C2_ER_IRQHandler                       0x080001f7   Thumb Code     0  startup_stm32l152xc.o(.text)
    I2C2_EV_IRQHandler                       0x080001f7   Thumb Code     0  startup_stm32l152xc.o(.text)
    PVD_IRQHandler                           0x080001f7   Thumb Code     0  startup_stm32l152xc.o(.text)
    RCC_IRQHandler                           0x080001f7   Thumb Code     0  startup_stm32l152xc.o(.text)
    RTC_WKUP_IRQHandler                      0x080001f7   Thumb Code     0  startup_stm32l152xc.o(.text)
    SPI1_IRQHandler                          0x080001f7   Thumb Code     0  startup_stm32l152xc.o(.text)
    SPI2_IRQHandler                          0x080001f7   Thumb Code     0  startup_stm32l152xc.o(.text)
    SPI3_IRQHandler                          0x080001f7   Thumb Code     0  startup_stm32l152xc.o(.text)
    TAMPER_STAMP_IRQHandler                  0x080001f7   Thumb Code     0  startup_stm32l152xc.o(.text)
    TIM10_IRQHandler                         0x080001f7   Thumb Code     0  startup_stm32l152xc.o(.text)
    TIM11_IRQHandler                         0x080001f7   Thumb Code     0  startup_stm32l152xc.o(.text)
    TIM2_IRQHandler                          0x080001f7   Thumb Code     0  startup_stm32l152xc.o(.text)
    TIM3_IRQHandler                          0x080001f7   Thumb Code     0  startup_stm32l152xc.o(.text)
    TIM4_IRQHandler                          0x080001f7   Thumb Code     0  startup_stm32l152xc.o(.text)
    TIM5_IRQHandler                          0x080001f7   Thumb Code     0  startup_stm32l152xc.o(.text)
    TIM6_IRQHandler                          0x080001f7   Thumb Code     0  startup_stm32l152xc.o(.text)
    TIM7_IRQHandler                          0x080001f7   Thumb Code     0  startup_stm32l152xc.o(.text)
    TIM9_IRQHandler                          0x080001f7   Thumb Code     0  startup_stm32l152xc.o(.text)
    USART2_IRQHandler                        0x080001f7   Thumb Code     0  startup_stm32l152xc.o(.text)
    USART3_IRQHandler                        0x080001f7   Thumb Code     0  startup_stm32l152xc.o(.text)
    USB_FS_WKUP_IRQHandler                   0x080001f7   Thumb Code     0  startup_stm32l152xc.o(.text)
    USB_HP_IRQHandler                        0x080001f7   Thumb Code     0  startup_stm32l152xc.o(.text)
    USB_LP_IRQHandler                        0x080001f7   Thumb Code     0  startup_stm32l152xc.o(.text)
    WWDG_IRQHandler                          0x080001f7   Thumb Code     0  startup_stm32l152xc.o(.text)
    __aeabi_memcpy                           0x08000201   Thumb Code    36  memcpya.o(.text)
    __aeabi_memcpy4                          0x08000201   Thumb Code     0  memcpya.o(.text)
    __aeabi_memcpy8                          0x08000201   Thumb Code     0  memcpya.o(.text)
    __aeabi_memset                           0x08000225   Thumb Code    14  memseta.o(.text)
    __aeabi_memset4                          0x08000225   Thumb Code     0  memseta.o(.text)
    __aeabi_memset8                          0x08000225   Thumb Code     0  memseta.o(.text)
    __aeabi_memclr                           0x08000233   Thumb Code     4  memseta.o(.text)
    __aeabi_memclr4                          0x08000233   Thumb Code     0  memseta.o(.text)
    __aeabi_memclr8                          0x08000233   Thumb Code     0  memseta.o(.text)
    _memset$wrapper                          0x08000237   Thumb Code    18  memseta.o(.text)
    strlen                                   0x08000249   Thumb Code    14  strlen.o(.text)
    memcmp                                   0x08000257   Thumb Code    26  memcmp.o(.text)
    strcasecmp                               0x08000271   Thumb Code    42  strcasecmp.o(.text)
    __aeabi_fadd                             0x0800029b   Thumb Code   164  fadd.o(.text)
    __aeabi_fsub                             0x0800033f   Thumb Code     6  fadd.o(.text)
    __aeabi_frsub                            0x08000345   Thumb Code     6  fadd.o(.text)
    __aeabi_fmul                             0x0800034b   Thumb Code   100  fmul.o(.text)
    __aeabi_fdiv                             0x080003af   Thumb Code   124  fdiv.o(.text)
    __aeabi_dadd                             0x0800042b   Thumb Code   322  dadd.o(.text)
    __aeabi_dsub                             0x0800056d   Thumb Code     6  dadd.o(.text)
    __aeabi_drsub                            0x08000573   Thumb Code     6  dadd.o(.text)
    __aeabi_dmul                             0x08000579   Thumb Code   228  dmul.o(.text)
    __aeabi_ddiv                             0x0800065d   Thumb Code   222  ddiv.o(.text)
    __ARM_scalbn                             0x0800073b   Thumb Code    46  dscalb.o(.text)
    scalbn                                   0x0800073b   Thumb Code     0  dscalb.o(.text)
    __aeabi_i2f                              0x08000769   Thumb Code    18  fflti.o(.text)
    __aeabi_ui2f                             0x0800077b   Thumb Code    10  ffltui.o(.text)
    __aeabi_f2iz                             0x08000785   Thumb Code    50  ffixi.o(.text)
    __aeabi_f2uiz                            0x080007b7   Thumb Code    40  ffixui.o(.text)
    __aeabi_d2iz                             0x080007df   Thumb Code    62  dfixi.o(.text)
    __aeabi_d2uiz                            0x0800081d   Thumb Code    50  dfixui.o(.text)
    __aeabi_f2d                              0x0800084f   Thumb Code    38  f2d.o(.text)
    __aeabi_cdcmpeq                          0x08000875   Thumb Code     0  cdcmple.o(.text)
    __aeabi_cdcmple                          0x08000875   Thumb Code    48  cdcmple.o(.text)
    __aeabi_d2f                              0x080008a5   Thumb Code    56  d2f.o(.text)
    __aeabi_cfcmpeq                          0x080008dd   Thumb Code     0  cfcmple.o(.text)
    __aeabi_cfcmple                          0x080008dd   Thumb Code    20  cfcmple.o(.text)
    __aeabi_cfrcmple                         0x080008f1   Thumb Code    20  cfrcmple.o(.text)
    __aeabi_uidiv                            0x08000905   Thumb Code     0  uidiv.o(.text)
    __aeabi_uidivmod                         0x08000905   Thumb Code    44  uidiv.o(.text)
    __aeabi_uldivmod                         0x08000931   Thumb Code    98  uldiv.o(.text)
    __aeabi_llsl                             0x08000993   Thumb Code    30  llshl.o(.text)
    _ll_shift_l                              0x08000993   Thumb Code     0  llshl.o(.text)
    __aeabi_llsr                             0x080009b1   Thumb Code    32  llushr.o(.text)
    _ll_ushift_r                             0x080009b1   Thumb Code     0  llushr.o(.text)
    __aeabi_lasr                             0x080009d1   Thumb Code    36  llsshr.o(.text)
    _ll_sshift_r                             0x080009d1   Thumb Code     0  llsshr.o(.text)
    tolower                                  0x080009f5   Thumb Code    12  tolower.o(.text)
    __strtod_int                             0x08000a37   Thumb Code    88  strtod.o(.text)
    __I$use$fp                               0x08000a9d   Thumb Code     0  iusefp.o(.text)
    _float_round                             0x08000a9d   Thumb Code    18  fepilogue.o(.text)
    _float_epilogue                          0x08000aaf   Thumb Code    92  fepilogue.o(.text)
    _double_round                            0x08000b0b   Thumb Code    30  depilogue.o(.text)
    _double_epilogue                         0x08000b29   Thumb Code   156  depilogue.o(.text)
    __aeabi_d2ulz                            0x08000bc5   Thumb Code    48  dfixul.o(.text)
    __aeabi_cdrcmple                         0x08000bf5   Thumb Code    48  cdrcmple.o(.text)
    __scatterload                            0x08000c25   Thumb Code    28  init.o(.text)
    __scatterload_rt2                        0x08000c25   Thumb Code     0  init.o(.text)
    isspace                                  0x08000c49   Thumb Code    10  isspace_c.o(.text)
    _scanf_real                              0x08000d55   Thumb Code     0  scanf_fp.o(.text)
    _scanf_really_real                       0x08000d55   Thumb Code   556  scanf_fp.o(.text)
    _sgetc                                   0x08000f8d   Thumb Code    30  _sgetc.o(.text)
    _sbackspace                              0x08000fab   Thumb Code    34  _sgetc.o(.text)
    __ctype_lookup                           0x08000fcd   Thumb Code    34  ctype_c.o(.text)
    __aeabi_ul2d                             0x08000ff5   Thumb Code    24  dfltul.o(.text)
    AD7705_GetRegisterValue                  0x0800100d   Thumb Code   112  ad7705.o(i.AD7705_GetRegisterValue)
    AD7705_Init                              0x08001085   Thumb Code    22  ad7705.o(i.AD7705_Init)
    AD7705_Ready                             0x080010a1   Thumb Code    26  ad7705.o(i.AD7705_Ready)
    AD7705_SPI_Init                          0x080010bd   Thumb Code    74  ad7705.o(i.AD7705_SPI_Init)
    AD7705_SPI_Read                          0x08001111   Thumb Code    96  ad7705.o(i.AD7705_SPI_Read)
    AD7705_SPI_Write                         0x08001179   Thumb Code    74  ad7705.o(i.AD7705_SPI_Write)
    AD7705_SetRegisterValue                  0x080011cd   Thumb Code    86  ad7705.o(i.AD7705_SetRegisterValue)
    AD7705_SingleMeasurement                 0x0800122d   Thumb Code    86  ad7705.o(i.AD7705_SingleMeasurement)
    AD7705_WaitRdy                           0x08001289   Thumb Code    42  ad7705.o(i.AD7705_WaitRdy)
    ADC_Enable                               0x080012b5   Thumb Code   108  stm32l1xx_hal_adc.o(i.ADC_Enable)
    ADC_Init                                 0x08001329   Thumb Code    68  adc.o(i.ADC_Init)
    AverageWithoutMaxMin                     0x08001375   Thumb Code   154  sensor.o(i.AverageWithoutMaxMin)
    BSP_SD_Init                              0x08001415   Thumb Code    48  stm32_adafruit_sd.o(i.BSP_SD_Init)
    BSP_SD_ReadBlocks                        0x08001449   Thumb Code   116  stm32_adafruit_sd.o(i.BSP_SD_ReadBlocks)
    BSP_SD_WriteBlocks                       0x080014bd   Thumb Code   148  stm32_adafruit_sd.o(i.BSP_SD_WriteBlocks)
    BusFault_Handler                         0x08001551   Thumb Code     2  stm32l1xx_it.o(i.BusFault_Handler)
    CalculateSector                          0x08001555   Thumb Code   110  sensor.o(i.CalculateSector)
    CalculateTemperature                     0x080015c9   Thumb Code   158  sensor.o(i.CalculateTemperature)
    DebugMon_Handler                         0x08001681   Thumb Code     2  stm32l1xx_it.o(i.DebugMon_Handler)
    EXTI9_5_IRQHandler                       0x08001683   Thumb Code     6  stm32l1xx_it.o(i.EXTI9_5_IRQHandler)
    FLASH_WaitForLastOperation               0x080016f5   Thumb Code    92  stm32l1xx_hal_flash.o(i.FLASH_WaitForLastOperation)
    HAL_ADC_ConfigChannel                    0x08001755   Thumb Code   316  stm32l1xx_hal_adc.o(i.HAL_ADC_ConfigChannel)
    HAL_ADC_GetValue                         0x0800189d   Thumb Code     6  stm32l1xx_hal_adc.o(i.HAL_ADC_GetValue)
    HAL_ADC_Init                             0x080018a5   Thumb Code   390  stm32l1xx_hal_adc.o(i.HAL_ADC_Init)
    HAL_ADC_MspInit                          0x08001a41   Thumb Code    96  adc.o(i.HAL_ADC_MspInit)
    HAL_ADC_PollForConversion                0x08001aad   Thumb Code   166  stm32l1xx_hal_adc.o(i.HAL_ADC_PollForConversion)
    HAL_ADC_Start                            0x08001b53   Thumb Code   118  stm32l1xx_hal_adc.o(i.HAL_ADC_Start)
    HAL_Delay                                0x08001bc9   Thumb Code    22  stm32l1xx_hal.o(i.HAL_Delay)
    HAL_FLASHEx_DATAEEPROM_Lock              0x08001be1   Thumb Code    14  stm32l1xx_hal_flash_ex.o(i.HAL_FLASHEx_DATAEEPROM_Lock)
    HAL_FLASHEx_DATAEEPROM_Program           0x08001bf5   Thumb Code   204  stm32l1xx_hal_flash_ex.o(i.HAL_FLASHEx_DATAEEPROM_Program)
    HAL_FLASHEx_DATAEEPROM_Unlock            0x08001cc9   Thumb Code    28  stm32l1xx_hal_flash_ex.o(i.HAL_FLASHEx_DATAEEPROM_Unlock)
    HAL_GPIO_EXTI_Callback                   0x08001cf1   Thumb Code    62  sys_time_module.o(i.HAL_GPIO_EXTI_Callback)
    HAL_GPIO_EXTI_IRQHandler                 0x08001d39   Thumb Code    18  stm32l1xx_hal_gpio.o(i.HAL_GPIO_EXTI_IRQHandler)
    HAL_GPIO_Init                            0x08001d51   Thumb Code   364  stm32l1xx_hal_gpio.o(i.HAL_GPIO_Init)
    HAL_GPIO_ReadPin                         0x08001edd   Thumb Code    10  stm32l1xx_hal_gpio.o(i.HAL_GPIO_ReadPin)
    HAL_GPIO_WritePin                        0x08001ee7   Thumb Code    10  stm32l1xx_hal_gpio.o(i.HAL_GPIO_WritePin)
    HAL_GetTick                              0x08001ef1   Thumb Code     6  stm32l1xx_hal.o(i.HAL_GetTick)
    HAL_IWDG_Init                            0x08001efd   Thumb Code    82  stm32l1xx_hal_iwdg.o(i.HAL_IWDG_Init)
    HAL_IWDG_Refresh                         0x08001f4f   Thumb Code    12  stm32l1xx_hal_iwdg.o(i.HAL_IWDG_Refresh)
    HAL_IncTick                              0x08001f5d   Thumb Code    10  stm32l1xx_hal.o(i.HAL_IncTick)
    HAL_Init                                 0x08001f6d   Thumb Code    40  stm32l1xx_hal.o(i.HAL_Init)
    HAL_InitTick                             0x08001f99   Thumb Code    34  stm32l1xx_hal.o(i.HAL_InitTick)
    HAL_MspInit                              0x08001fbb   Thumb Code     2  stm32l1xx_hal.o(i.HAL_MspInit)
    HAL_NVIC_DisableIRQ                      0x08001fbd   Thumb Code    22  stm32l1xx_hal_cortex.o(i.HAL_NVIC_DisableIRQ)
    HAL_NVIC_EnableIRQ                       0x08001fd3   Thumb Code    22  stm32l1xx_hal_cortex.o(i.HAL_NVIC_EnableIRQ)
    HAL_NVIC_SetPriority                     0x08001fe9   Thumb Code    60  stm32l1xx_hal_cortex.o(i.HAL_NVIC_SetPriority)
    HAL_NVIC_SetPriorityGrouping             0x08002029   Thumb Code    26  stm32l1xx_hal_cortex.o(i.HAL_NVIC_SetPriorityGrouping)
    HAL_NVIC_SystemReset                     0x0800204d   Thumb Code    24  stm32l1xx_hal_cortex.o(i.HAL_NVIC_SystemReset)
    HAL_PWREx_GetVoltageRange                0x0800206d   Thumb Code    10  stm32l1xx_hal_pwr_ex.o(i.HAL_PWREx_GetVoltageRange)
    HAL_PWR_EnableBkUpAccess                 0x0800207d   Thumb Code    20  stm32l1xx_hal_pwr.o(i.HAL_PWR_EnableBkUpAccess)
    HAL_PWR_EnterSLEEPMode                   0x08002095   Thumb Code    38  stm32l1xx_hal_pwr.o(i.HAL_PWR_EnterSLEEPMode)
    HAL_RCCEx_PeriphCLKConfig                0x080020c5   Thumb Code   378  stm32l1xx_hal_rcc_ex.o(i.HAL_RCCEx_PeriphCLKConfig)
    HAL_RCC_ClockConfig                      0x0800224d   Thumb Code   450  stm32l1xx_hal_rcc.o(i.HAL_RCC_ClockConfig)
    HAL_RCC_GetHCLKFreq                      0x08002421   Thumb Code     6  stm32l1xx_hal_rcc.o(i.HAL_RCC_GetHCLKFreq)
    HAL_RCC_GetOscConfig                     0x0800242d   Thumb Code   204  stm32l1xx_hal_rcc.o(i.HAL_RCC_GetOscConfig)
    HAL_RCC_GetPCLK1Freq                     0x080024fd   Thumb Code    34  stm32l1xx_hal_rcc.o(i.HAL_RCC_GetPCLK1Freq)
    HAL_RCC_GetPCLK2Freq                     0x0800252d   Thumb Code    34  stm32l1xx_hal_rcc.o(i.HAL_RCC_GetPCLK2Freq)
    HAL_RCC_GetSysClockFreq                  0x0800255d   Thumb Code   122  stm32l1xx_hal_rcc.o(i.HAL_RCC_GetSysClockFreq)
    HAL_RCC_OscConfig                        0x080025e9   Thumb Code  1860  stm32l1xx_hal_rcc.o(i.HAL_RCC_OscConfig)
    HAL_RTCEx_AlarmBEventCallback            0x08002d39   Thumb Code     2  stm32l1xx_hal_rtc_ex.o(i.HAL_RTCEx_AlarmBEventCallback)
    HAL_RTC_AlarmAEventCallback              0x08002d3d   Thumb Code    14  sys_time_module.o(i.HAL_RTC_AlarmAEventCallback)
    HAL_RTC_AlarmIRQHandler                  0x08002d51   Thumb Code    86  stm32l1xx_hal_rtc.o(i.HAL_RTC_AlarmIRQHandler)
    HAL_RTC_GetDate                          0x08002dad   Thumb Code    62  stm32l1xx_hal_rtc.o(i.HAL_RTC_GetDate)
    HAL_RTC_GetTime                          0x08002df1   Thumb Code    84  stm32l1xx_hal_rtc_ex.o(i.HAL_RTC_GetTime)
    HAL_RTC_Init                             0x08002e49   Thumb Code   150  stm32l1xx_hal_rtc.o(i.HAL_RTC_Init)
    HAL_RTC_MspInit                          0x08002ee5   Thumb Code   106  rtc.o(i.HAL_RTC_MspInit)
    HAL_RTC_SetAlarm_IT                      0x08002f5d   Thumb Code   404  stm32l1xx_hal_rtc_ex.o(i.HAL_RTC_SetAlarm_IT)
    HAL_RTC_SetDate                          0x080030f5   Thumb Code   196  stm32l1xx_hal_rtc.o(i.HAL_RTC_SetDate)
    HAL_RTC_SetTime                          0x080031bd   Thumb Code   228  stm32l1xx_hal_rtc.o(i.HAL_RTC_SetTime)
    HAL_RTC_WaitForSynchro                   0x080032a5   Thumb Code    58  stm32l1xx_hal_rtc_ex.o(i.HAL_RTC_WaitForSynchro)
    HAL_SPI_DeInit                           0x080032df   Thumb Code    40  stm32l1xx_hal_spi.o(i.HAL_SPI_DeInit)
    HAL_SPI_GetState                         0x08003307   Thumb Code     6  stm32l1xx_hal_spi.o(i.HAL_SPI_GetState)
    HAL_SPI_Init                             0x0800330d   Thumb Code   132  stm32l1xx_hal_spi_ex.o(i.HAL_SPI_Init)
    HAL_SPI_MspDeInit                        0x08003391   Thumb Code     2  stm32l1xx_hal_spi.o(i.HAL_SPI_MspDeInit)
    HAL_SPI_MspInit                          0x08003393   Thumb Code     2  stm32l1xx_hal_spi.o(i.HAL_SPI_MspInit)
    HAL_SPI_Transmit                         0x08003395   Thumb Code   322  stm32l1xx_hal_spi.o(i.HAL_SPI_Transmit)
    HAL_SPI_TransmitReceive                  0x080034d7   Thumb Code   690  stm32l1xx_hal_spi.o(i.HAL_SPI_TransmitReceive)
    HAL_SYSTICK_Config                       0x08003789   Thumb Code    40  stm32l1xx_hal_cortex.o(i.HAL_SYSTICK_Config)
    HAL_UART_ErrorCallback                   0x080037b1   Thumb Code     2  stm32l1xx_hal_uart.o(i.HAL_UART_ErrorCallback)
    HAL_UART_Init                            0x080037b3   Thumb Code    94  stm32l1xx_hal_uart.o(i.HAL_UART_Init)
    HAL_UART_MspInit                         0x08003811   Thumb Code   112  usart.o(i.HAL_UART_MspInit)
    HAL_UART_Transmit                        0x08003891   Thumb Code   204  stm32l1xx_hal_uart.o(i.HAL_UART_Transmit)
    HardFault_Handler                        0x0800395d   Thumb Code     2  stm32l1xx_it.o(i.HardFault_Handler)
    I2C_delay                                0x0800395f   Thumb Code    26  pcf8563.o(i.I2C_delay)
    IIC_Ack                                  0x08003979   Thumb Code    64  pcf8563.o(i.IIC_Ack)
    IIC_Init                                 0x080039bd   Thumb Code   200  pcf8563.o(i.IIC_Init)
    IIC_NAck                                 0x08003a85   Thumb Code    64  pcf8563.o(i.IIC_NAck)
    IIC_Read_Byte                            0x08003ac9   Thumb Code   104  pcf8563.o(i.IIC_Read_Byte)
    IIC_Send_Byte                            0x08003b35   Thumb Code   112  pcf8563.o(i.IIC_Send_Byte)
    IIC_Start                                0x08003ba9   Thumb Code    68  pcf8563.o(i.IIC_Start)
    IIC_Stop                                 0x08003bf1   Thumb Code    68  pcf8563.o(i.IIC_Stop)
    IIC_Wait_Ack                             0x08003c39   Thumb Code   102  pcf8563.o(i.IIC_Wait_Ack)
    IWDG_Init                                0x08003ca5   Thumb Code    20  iwdg.o(i.IWDG_Init)
    MX_GPIO_Init                             0x08003cc1   Thumb Code   212  gpio.o(i.MX_GPIO_Init)
    MX_RTC_Init                              0x08003da5   Thumb Code    78  rtc.o(i.MX_RTC_Init)
    MemManage_Handler                        0x08003ff5   Thumb Code     2  stm32l1xx_it.o(i.MemManage_Handler)
    NMI_Handler                              0x08003ff7   Thumb Code     2  stm32l1xx_it.o(i.NMI_Handler)
    OutputHourDataFill                       0x080040b9   Thumb Code  1472  sensor.o(i.OutputHourDataFill)
    PCF8563_Read_Time                        0x080046b1   Thumb Code   222  pcf8563.o(i.PCF8563_Read_Time)
    PCF8563_Set_Time                         0x08004795   Thumb Code   246  pcf8563.o(i.PCF8563_Set_Time)
    PostSleepProcessing                      0x08004891   Thumb Code     2  main.o(i.PostSleepProcessing)
    PreSleepProcessing                       0x08004893   Thumb Code     8  main.o(i.PreSleepProcessing)
    RTC_Alarm_IRQHandler                     0x08004915   Thumb Code     6  stm32l1xx_it.o(i.RTC_Alarm_IRQHandler)
    RTC_Bcd2ToByte                           0x08004921   Thumb Code    18  stm32l1xx_hal_rtc.o(i.RTC_Bcd2ToByte)
    RTC_ByteToBcd2                           0x08004933   Thumb Code    22  stm32l1xx_hal_rtc.o(i.RTC_ByteToBcd2)
    RTC_EnterInitMode                        0x08004949   Thumb Code    58  stm32l1xx_hal_rtc.o(i.RTC_EnterInitMode)
    SDA_IN                                   0x08004985   Thumb Code    50  pcf8563.o(i.SDA_IN)
    SDA_OUT                                  0x080049c1   Thumb Code    52  pcf8563.o(i.SDA_OUT)
    SD_IO_Init                               0x080049fd   Thumb Code    90  sd_io_low.o(i.SD_IO_Init)
    SD_IO_ReadByte                           0x08004a61   Thumb Code    40  sd_io_low.o(i.SD_IO_ReadByte)
    SD_IO_WaitResponse                       0x08004a91   Thumb Code    36  sd_io_low.o(i.SD_IO_WaitResponse)
    SD_IO_WriteByte                          0x08004ab5   Thumb Code    30  sd_io_low.o(i.SD_IO_WriteByte)
    SD_IO_WriteCmd                           0x08004add   Thumb Code    86  sd_io_low.o(i.SD_IO_WriteCmd)
    SD_IO_WriteDummy                         0x08004b39   Thumb Code    22  sd_io_low.o(i.SD_IO_WriteDummy)
    SysTick_Handler                          0x08004de5   Thumb Code    14  stm32l1xx_it.o(i.SysTick_Handler)
    SystemClock_Config                       0x08004eb5   Thumb Code   158  main.o(i.SystemClock_Config)
    SystemInit                               0x08004f5d   Thumb Code    62  system_stm32l1xx.o(i.SystemInit)
    USART1_IRQHandler                        0x08005409   Thumb Code   246  usart_module.o(i.USART1_IRQHandler)
    USART1_UART_Init                         0x0800550d   Thumb Code    30  usart.o(i.USART1_UART_Init)
    UsageFault_Handler                       0x08005535   Thumb Code     2  stm32l1xx_it.o(i.UsageFault_Handler)
    __0printf                                0x08005d0d   Thumb Code    22  printfa.o(i.__0printf)
    __1printf                                0x08005d0d   Thumb Code     0  printfa.o(i.__0printf)
    __2printf                                0x08005d0d   Thumb Code     0  printfa.o(i.__0printf)
    __c89printf                              0x08005d0d   Thumb Code     0  printfa.o(i.__0printf)
    printf                                   0x08005d0d   Thumb Code     0  printfa.o(i.__0printf)
    __0snprintf                              0x08005d2d   Thumb Code    36  printfa.o(i.__0snprintf)
    __1snprintf                              0x08005d2d   Thumb Code     0  printfa.o(i.__0snprintf)
    __2snprintf                              0x08005d2d   Thumb Code     0  printfa.o(i.__0snprintf)
    __c89snprintf                            0x08005d2d   Thumb Code     0  printfa.o(i.__0snprintf)
    snprintf                                 0x08005d2d   Thumb Code     0  printfa.o(i.__0snprintf)
    __read_errno                             0x08005d55   Thumb Code     6  errno.o(i.__read_errno)
    __scatterload_copy                       0x08005d61   Thumb Code    14  handlers.o(i.__scatterload_copy)
    __scatterload_null                       0x08005d6f   Thumb Code     2  handlers.o(i.__scatterload_null)
    __scatterload_zeroinit                   0x08005d71   Thumb Code    14  handlers.o(i.__scatterload_zeroinit)
    __set_errno                              0x08005d81   Thumb Code     6  errno.o(i.__set_errno)
    _is_digit                                0x08005ef1   Thumb Code    14  scanf_fp.o(i._is_digit)
    atof                                     0x08006645   Thumb Code    42  atof.o(i.atof)
    data_eeprom_read                         0x08006671   Thumb Code    50  eeprom.o(i.data_eeprom_read)
    data_eeprom_write                        0x080066a5   Thumb Code   116  eeprom.o(i.data_eeprom_write)
    eTaskConfirmSleepModeStatus              0x0800671d   Thumb Code    38  tasks.o(i.eTaskConfirmSleepModeStatus)
    fputc                                    0x0800674d   Thumb Code    20  usart.o(i.fputc)
    get_sys_time                             0x08006765   Thumb Code    84  sys_time_module.o(i.get_sys_time)
    get_sys_time_tm                          0x080067c1   Thumb Code    88  sys_time_module.o(i.get_sys_time_tm)
    init_measure_module                      0x0800682d   Thumb Code   368  measure_moudle.o(i.init_measure_module)
    init_sys_time_module                     0x080069d1   Thumb Code    84  sys_time_module.o(i.init_sys_time_module)
    init_usart_module                        0x08006a2d   Thumb Code    72  usart_module.o(i.init_usart_module)
    main                                     0x08006a8d   Thumb Code    22  main.o(i.main)
    osDelay                                  0x08006aaf   Thumb Code    14  cmsis_os.o(i.osDelay)
    osKernelStart                            0x08006abd   Thumb Code    10  cmsis_os.o(i.osKernelStart)
    osMutexCreate                            0x08006ac7   Thumb Code     6  cmsis_os.o(i.osMutexCreate)
    osMutexRelease                           0x08006acd   Thumb Code    66  cmsis_os.o(i.osMutexRelease)
    osMutexWait                              0x08006b15   Thumb Code    92  cmsis_os.o(i.osMutexWait)
    osSemaphoreCreate                        0x08006b75   Thumb Code    46  cmsis_os.o(i.osSemaphoreCreate)
    osSemaphoreRelease                       0x08006ba5   Thumb Code    66  cmsis_os.o(i.osSemaphoreRelease)
    osSemaphoreWait                          0x08006bed   Thumb Code    92  cmsis_os.o(i.osSemaphoreWait)
    osSystickHandler                         0x08006c4d   Thumb Code    20  cmsis_os.o(i.osSystickHandler)
    osThreadCreate                           0x08006c61   Thumb Code    56  cmsis_os.o(i.osThreadCreate)
    pvPortMalloc                             0x08006f55   Thumb Code   182  heap_4.o(i.pvPortMalloc)
    pvTaskIncrementMutexHeldCount            0x08007011   Thumb Code    18  tasks.o(i.pvTaskIncrementMutexHeldCount)
    pxPortInitialiseStack                    0x08007029   Thumb Code    28  port.o(i.pxPortInitialiseStack)
    start_measure                            0x08007049   Thumb Code    24  measure_moudle.o(i.start_measure)
    sync_time                                0x08007065   Thumb Code   154  time_related.o(i.sync_time)
    uxListRemove                             0x08007109   Thumb Code    36  list.o(i.uxListRemove)
    vListInitialise                          0x0800712d   Thumb Code    22  list.o(i.vListInitialise)
    vListInitialiseItem                      0x08007143   Thumb Code     6  list.o(i.vListInitialiseItem)
    vListInsert                              0x08007149   Thumb Code    48  list.o(i.vListInsert)
    vListInsertEnd                           0x08007179   Thumb Code    24  list.o(i.vListInsertEnd)
    vPortEnterCritical                       0x08007191   Thumb Code    44  port.o(i.vPortEnterCritical)
    vPortExitCritical                        0x080071c5   Thumb Code    30  port.o(i.vPortExitCritical)
    vPortFree                                0x080071e9   Thumb Code    68  heap_4.o(i.vPortFree)
    vPortSetupTimerInterrupt                 0x08007231   Thumb Code    58  port.o(i.vPortSetupTimerInterrupt)
    vPortSuppressTicksAndSleep               0x08007275   Thumb Code   220  port.o(i.vPortSuppressTicksAndSleep)
    vPortValidateInterruptPriority           0x08007355   Thumb Code    54  port.o(i.vPortValidateInterruptPriority)
    vPortYield                               0x08007395   Thumb Code    18  port.o(i.vPortYield)
    vTaskDelay                               0x080073ad   Thumb Code    76  tasks.o(i.vTaskDelay)
    vTaskMissedYield                         0x080073fd   Thumb Code     8  tasks.o(i.vTaskMissedYield)
    vTaskPlaceOnEventList                    0x08007409   Thumb Code    80  tasks.o(i.vTaskPlaceOnEventList)
    vTaskPriorityInherit                     0x08007461   Thumb Code   124  tasks.o(i.vTaskPriorityInherit)
    vTaskSetTimeOutState                     0x080074e5   Thumb Code    22  tasks.o(i.vTaskSetTimeOutState)
    vTaskStartScheduler                      0x08007501   Thumb Code    66  tasks.o(i.vTaskStartScheduler)
    vTaskStepTick                            0x08007555   Thumb Code    28  tasks.o(i.vTaskStepTick)
    vTaskSuspendAll                          0x08007575   Thumb Code    10  tasks.o(i.vTaskSuspendAll)
    vTaskSwitchContext                       0x08007585   Thumb Code    74  tasks.o(i.vTaskSwitchContext)
    xPortStartScheduler                      0x080075d9   Thumb Code   102  port.o(i.xPortStartScheduler)
    xPortSysTickHandler                      0x0800764d   Thumb Code    30  port.o(i.xPortSysTickHandler)
    xQueueCreateCountingSemaphore            0x08007671   Thumb Code    42  queue.o(i.xQueueCreateCountingSemaphore)
    xQueueCreateMutex                        0x0800769b   Thumb Code    74  queue.o(i.xQueueCreateMutex)
    xQueueGenericCreate                      0x080076e5   Thumb Code    80  queue.o(i.xQueueGenericCreate)
    xQueueGenericReceive                     0x08007735   Thumb Code   302  queue.o(i.xQueueGenericReceive)
    xQueueGenericReset                       0x08007863   Thumb Code   106  queue.o(i.xQueueGenericReset)
    xQueueGenericSend                        0x080078cd   Thumb Code   276  queue.o(i.xQueueGenericSend)
    xQueueGiveFromISR                        0x080079e1   Thumb Code   118  queue.o(i.xQueueGiveFromISR)
    xQueueReceiveFromISR                     0x08007a57   Thumb Code   118  queue.o(i.xQueueReceiveFromISR)
    xTaskCheckForTimeOut                     0x08007acd   Thumb Code    82  tasks.o(i.xTaskCheckForTimeOut)
    xTaskGenericCreate                       0x08007b25   Thumb Code   388  tasks.o(i.xTaskGenericCreate)
    xTaskGetSchedulerState                   0x08007cb1   Thumb Code    22  tasks.o(i.xTaskGetSchedulerState)
    xTaskIncrementTick                       0x08007ccd   Thumb Code   184  tasks.o(i.xTaskIncrementTick)
    xTaskPriorityDisinherit                  0x08007d8d   Thumb Code   124  tasks.o(i.xTaskPriorityDisinherit)
    xTaskRemoveFromEventList                 0x08007e11   Thumb Code   104  tasks.o(i.xTaskRemoveFromEventList)
    xTaskResumeAll                           0x08007e81   Thumb Code   162  tasks.o(i.xTaskResumeAll)
    PLLMulTable                              0x08007f2c   Data           9  system_stm32l1xx.o(.constdata)
    AHBPrescTable                            0x08007f35   Data          16  system_stm32l1xx.o(.constdata)
    APBPrescTable                            0x08007f45   Data           8  system_stm32l1xx.o(.constdata)
    __ctype_categories                       0x08008038   Data          64  ctype_c.o(.constdata)
    Region$$Table$$Base                      0x08008090   Number         0  anon$$obj.o(Region$$Table)
    Region$$Table$$Limit                     0x080080b0   Number         0  anon$$obj.o(Region$$Table)
    pxCurrentTCB                             0x20000000   Data           4  tasks.o(.data)
    SystemCoreClock                          0x20000038   Data           4  system_stm32l1xx.o(.data)
    SpixTimeout                              0x20000078   Data           4  sd_io_low.o(.data)
    PCF_DataStruct_Time                      0x20000080   Data           7  pcf8563.o(.data)
    Time_Buffer                              0x20000087   Data           7  pcf8563.o(.data)
    uwTick                                   0x20000090   Data           4  stm32l1xx_hal.o(.data)
    SdStatus                                 0x200000c4   Data           1  stm32_adafruit_sd.o(.data)
    __stdout                                 0x200000c8   Data           4  stdout.o(.data)
    datetime                                 0x200003fc   Data          44  measure_moudle.o(.bss)
    huart1                                   0x20000428   Data          64  usart.o(.bss)
    hrtc                                     0x20000468   Data          32  rtc.o(.bss)
    hiwdg                                    0x20000488   Data          12  iwdg.o(.bss)
    hadc                                     0x200004ec   Data          84  adc.o(.bss)
    temp                                     0x20000598   Data         112  sensor.o(.bss)
    rain                                     0x20000608   Data         252  sensor.o(.bss)
    device                                   0x20000704   Data          24  sensor.o(.bss)
    data_buf                                 0x2000071c   Data         512  sensor.o(.bss)
    pFlash                                   0x2000091c   Data          24  stm32l1xx_hal_flash.o(.bss)
    __initial_sp                             0x200025b8   Data           0  startup_stm32l152xc.o(STACK)



==============================================================================

Memory Map of the image

  Image Entry point : 0x08000125

  Load Region LR_IROM1 (Base: 0x08000000, Size: 0x00008180, Max: 0x00010000, ABSOLUTE)

    Execution Region ER_IROM1 (Base: 0x08000000, Size: 0x000080b0, Max: 0x00010000, ABSOLUTE)

    Base Addr    Size         Type   Attr      Idx    E Section Name        Object

    0x08000000   0x00000124   Data   RO          914    RESET               startup_stm32l152xc.o
    0x08000124   0x00000000   Code   RO         6561  * .ARM.Collect$$$$00000000  mc_w.l(entry.o)
    0x08000124   0x00000004   Code   RO         6875    .ARM.Collect$$$$00000001  mc_w.l(entry2.o)
    0x08000128   0x00000004   Code   RO         6878    .ARM.Collect$$$$00000004  mc_w.l(entry5.o)
    0x0800012c   0x00000000   Code   RO         6880    .ARM.Collect$$$$00000008  mc_w.l(entry7b.o)
    0x0800012c   0x00000000   Code   RO         6882    .ARM.Collect$$$$0000000A  mc_w.l(entry8b.o)
    0x0800012c   0x00000008   Code   RO         6883    .ARM.Collect$$$$0000000B  mc_w.l(entry9a.o)
    0x08000134   0x00000000   Code   RO         6885    .ARM.Collect$$$$0000000D  mc_w.l(entry10a.o)
    0x08000134   0x00000000   Code   RO         6887    .ARM.Collect$$$$0000000F  mc_w.l(entry11a.o)
    0x08000134   0x00000004   Code   RO         6876    .ARM.Collect$$$$00002712  mc_w.l(entry2.o)
    0x08000138   0x000000a2   Code   RO         5758    .emb_text           port.o
    0x080001da   0x00000002   PAD
    0x080001dc   0x00000024   Code   RO          915    .text               startup_stm32l152xc.o
    0x08000200   0x00000024   Code   RO         6564    .text               mc_w.l(memcpya.o)
    0x08000224   0x00000024   Code   RO         6566    .text               mc_w.l(memseta.o)
    0x08000248   0x0000000e   Code   RO         6568    .text               mc_w.l(strlen.o)
    0x08000256   0x0000001a   Code   RO         6570    .text               mc_w.l(memcmp.o)
    0x08000270   0x0000002a   Code   RO         6574    .text               mc_w.l(strcasecmp.o)
    0x0800029a   0x000000b0   Code   RO         6837    .text               mf_w.l(fadd.o)
    0x0800034a   0x00000064   Code   RO         6839    .text               mf_w.l(fmul.o)
    0x080003ae   0x0000007c   Code   RO         6841    .text               mf_w.l(fdiv.o)
    0x0800042a   0x0000014e   Code   RO         6843    .text               mf_w.l(dadd.o)
    0x08000578   0x000000e4   Code   RO         6845    .text               mf_w.l(dmul.o)
    0x0800065c   0x000000de   Code   RO         6847    .text               mf_w.l(ddiv.o)
    0x0800073a   0x0000002e   Code   RO         6849    .text               mf_w.l(dscalb.o)
    0x08000768   0x00000012   Code   RO         6851    .text               mf_w.l(fflti.o)
    0x0800077a   0x0000000a   Code   RO         6853    .text               mf_w.l(ffltui.o)
    0x08000784   0x00000032   Code   RO         6857    .text               mf_w.l(ffixi.o)
    0x080007b6   0x00000028   Code   RO         6859    .text               mf_w.l(ffixui.o)
    0x080007de   0x0000003e   Code   RO         6861    .text               mf_w.l(dfixi.o)
    0x0800081c   0x00000032   Code   RO         6863    .text               mf_w.l(dfixui.o)
    0x0800084e   0x00000026   Code   RO         6865    .text               mf_w.l(f2d.o)
    0x08000874   0x00000030   Code   RO         6867    .text               mf_w.l(cdcmple.o)
    0x080008a4   0x00000038   Code   RO         6869    .text               mf_w.l(d2f.o)
    0x080008dc   0x00000014   Code   RO         6871    .text               mf_w.l(cfcmple.o)
    0x080008f0   0x00000014   Code   RO         6873    .text               mf_w.l(cfrcmple.o)
    0x08000904   0x0000002c   Code   RO         6890    .text               mc_w.l(uidiv.o)
    0x08000930   0x00000062   Code   RO         6892    .text               mc_w.l(uldiv.o)
    0x08000992   0x0000001e   Code   RO         6894    .text               mc_w.l(llshl.o)
    0x080009b0   0x00000020   Code   RO         6896    .text               mc_w.l(llushr.o)
    0x080009d0   0x00000024   Code   RO         6898    .text               mc_w.l(llsshr.o)
    0x080009f4   0x0000000c   Code   RO         6900    .text               mc_w.l(tolower.o)
    0x08000a00   0x0000009c   Code   RO         6909    .text               mc_w.l(strtod.o)
    0x08000a9c   0x00000000   Code   RO         6911    .text               mc_w.l(iusefp.o)
    0x08000a9c   0x0000006e   Code   RO         6912    .text               mf_w.l(fepilogue.o)
    0x08000b0a   0x000000ba   Code   RO         6914    .text               mf_w.l(depilogue.o)
    0x08000bc4   0x00000030   Code   RO         6916    .text               mf_w.l(dfixul.o)
    0x08000bf4   0x00000030   Code   RO         6918    .text               mf_w.l(cdrcmple.o)
    0x08000c24   0x00000024   Code   RO         6920    .text               mc_w.l(init.o)
    0x08000c48   0x0000000a   Code   RO         6922    .text               mc_w.l(isspace_c.o)
    0x08000c52   0x00000002   PAD
    0x08000c54   0x00000338   Code   RO         6924    .text               mc_w.l(scanf_fp.o)
    0x08000f8c   0x00000040   Code   RO         6928    .text               mc_w.l(_sgetc.o)
    0x08000fcc   0x00000028   Code   RO         6930    .text               mc_w.l(ctype_c.o)
    0x08000ff4   0x00000018   Code   RO         6933    .text               mf_w.l(dfltul.o)
    0x0800100c   0x00000078   Code   RO         1940    i.AD7705_GetRegisterValue  ad7705.o
    0x08001084   0x0000001c   Code   RO         1941    i.AD7705_Init       ad7705.o
    0x080010a0   0x0000001a   Code   RO         1942    i.AD7705_Ready      ad7705.o
    0x080010ba   0x00000002   PAD
    0x080010bc   0x00000054   Code   RO         1944    i.AD7705_SPI_Init   ad7705.o
    0x08001110   0x00000068   Code   RO         1945    i.AD7705_SPI_Read   ad7705.o
    0x08001178   0x00000054   Code   RO         1946    i.AD7705_SPI_Write  ad7705.o
    0x080011cc   0x00000060   Code   RO         1947    i.AD7705_SetRegisterValue  ad7705.o
    0x0800122c   0x0000005c   Code   RO         1948    i.AD7705_SingleMeasurement  ad7705.o
    0x08001288   0x0000002a   Code   RO         1949    i.AD7705_WaitRdy    ad7705.o
    0x080012b2   0x00000002   PAD
    0x080012b4   0x00000074   Code   RO         2940    i.ADC_Enable        stm32l1xx_hal_adc.o
    0x08001328   0x0000004c   Code   RO         1831    i.ADC_Init          adc.o
    0x08001374   0x000000a0   Code   RO         2037    i.AverageWithoutMaxMin  sensor.o
    0x08001414   0x00000034   Code   RO         6491    i.BSP_SD_Init       stm32_adafruit_sd.o
    0x08001448   0x00000074   Code   RO         6492    i.BSP_SD_ReadBlocks  stm32_adafruit_sd.o
    0x080014bc   0x00000094   Code   RO         6493    i.BSP_SD_WriteBlocks  stm32_adafruit_sd.o
    0x08001550   0x00000002   Code   RO         1426    i.BusFault_Handler  stm32l1xx_it.o
    0x08001552   0x00000002   PAD
    0x08001554   0x00000074   Code   RO         2038    i.CalculateSector   sensor.o
    0x080015c8   0x000000b8   Code   RO         2039    i.CalculateTemperature  sensor.o
    0x08001680   0x00000002   Code   RO         1427    i.DebugMon_Handler  stm32l1xx_it.o
    0x08001682   0x00000006   Code   RO         1428    i.EXTI9_5_IRQHandler  stm32l1xx_it.o
    0x08001688   0x0000006c   Code   RO         3179    i.FLASH_SetErrorCode  stm32l1xx_hal_flash.o
    0x080016f4   0x00000060   Code   RO         3180    i.FLASH_WaitForLastOperation  stm32l1xx_hal_flash.o
    0x08001754   0x00000148   Code   RO         2942    i.HAL_ADC_ConfigChannel  stm32l1xx_hal_adc.o
    0x0800189c   0x00000006   Code   RO         2949    i.HAL_ADC_GetValue  stm32l1xx_hal_adc.o
    0x080018a2   0x00000002   PAD
    0x080018a4   0x0000019c   Code   RO         2951    i.HAL_ADC_Init      stm32l1xx_hal_adc.o
    0x08001a40   0x0000006c   Code   RO         1833    i.HAL_ADC_MspInit   adc.o
    0x08001aac   0x000000a6   Code   RO         2955    i.HAL_ADC_PollForConversion  stm32l1xx_hal_adc.o
    0x08001b52   0x00000076   Code   RO         2957    i.HAL_ADC_Start     stm32l1xx_hal_adc.o
    0x08001bc8   0x00000016   Code   RO         2389    i.HAL_Delay         stm32l1xx_hal.o
    0x08001bde   0x00000002   PAD
    0x08001be0   0x00000014   Code   RO         3287    i.HAL_FLASHEx_DATAEEPROM_Lock  stm32l1xx_hal_flash_ex.o
    0x08001bf4   0x000000d4   Code   RO         3288    i.HAL_FLASHEx_DATAEEPROM_Program  stm32l1xx_hal_flash_ex.o
    0x08001cc8   0x00000028   Code   RO         3289    i.HAL_FLASHEx_DATAEEPROM_Unlock  stm32l1xx_hal_flash_ex.o
    0x08001cf0   0x00000048   Code   RO         1136    i.HAL_GPIO_EXTI_Callback  sys_time_module.o
    0x08001d38   0x00000018   Code   RO         2872    i.HAL_GPIO_EXTI_IRQHandler  stm32l1xx_hal_gpio.o
    0x08001d50   0x0000018c   Code   RO         2873    i.HAL_GPIO_Init     stm32l1xx_hal_gpio.o
    0x08001edc   0x0000000a   Code   RO         2875    i.HAL_GPIO_ReadPin  stm32l1xx_hal_gpio.o
    0x08001ee6   0x0000000a   Code   RO         2877    i.HAL_GPIO_WritePin  stm32l1xx_hal_gpio.o
    0x08001ef0   0x0000000c   Code   RO         2393    i.HAL_GetTick       stm32l1xx_hal.o
    0x08001efc   0x00000052   Code   RO         3405    i.HAL_IWDG_Init     stm32l1xx_hal_iwdg.o
    0x08001f4e   0x0000000c   Code   RO         3406    i.HAL_IWDG_Refresh  stm32l1xx_hal_iwdg.o
    0x08001f5a   0x00000002   PAD
    0x08001f5c   0x00000010   Code   RO         2394    i.HAL_IncTick       stm32l1xx_hal.o
    0x08001f6c   0x0000002c   Code   RO         2395    i.HAL_Init          stm32l1xx_hal.o
    0x08001f98   0x00000022   Code   RO         2396    i.HAL_InitTick      stm32l1xx_hal.o
    0x08001fba   0x00000002   Code   RO         2398    i.HAL_MspInit       stm32l1xx_hal.o
    0x08001fbc   0x00000016   Code   RO         2261    i.HAL_NVIC_DisableIRQ  stm32l1xx_hal_cortex.o
    0x08001fd2   0x00000016   Code   RO         2262    i.HAL_NVIC_EnableIRQ  stm32l1xx_hal_cortex.o
    0x08001fe8   0x00000040   Code   RO         2268    i.HAL_NVIC_SetPriority  stm32l1xx_hal_cortex.o
    0x08002028   0x00000024   Code   RO         2269    i.HAL_NVIC_SetPriorityGrouping  stm32l1xx_hal_cortex.o
    0x0800204c   0x00000020   Code   RO         2270    i.HAL_NVIC_SystemReset  stm32l1xx_hal_cortex.o
    0x0800206c   0x00000010   Code   RO         2709    i.HAL_PWREx_GetVoltageRange  stm32l1xx_hal_pwr_ex.o
    0x0800207c   0x00000018   Code   RO         2590    i.HAL_PWR_EnableBkUpAccess  stm32l1xx_hal_pwr.o
    0x08002094   0x00000030   Code   RO         2595    i.HAL_PWR_EnterSLEEPMode  stm32l1xx_hal_pwr.o
    0x080020c4   0x00000188   Code   RO         2524    i.HAL_RCCEx_PeriphCLKConfig  stm32l1xx_hal_rcc_ex.o
    0x0800224c   0x000001d4   Code   RO         2764    i.HAL_RCC_ClockConfig  stm32l1xx_hal_rcc.o
    0x08002420   0x0000000c   Code   RO         2769    i.HAL_RCC_GetHCLKFreq  stm32l1xx_hal_rcc.o
    0x0800242c   0x000000d0   Code   RO         2770    i.HAL_RCC_GetOscConfig  stm32l1xx_hal_rcc.o
    0x080024fc   0x00000030   Code   RO         2771    i.HAL_RCC_GetPCLK1Freq  stm32l1xx_hal_rcc.o
    0x0800252c   0x00000030   Code   RO         2772    i.HAL_RCC_GetPCLK2Freq  stm32l1xx_hal_rcc.o
    0x0800255c   0x0000008c   Code   RO         2773    i.HAL_RCC_GetSysClockFreq  stm32l1xx_hal_rcc.o
    0x080025e8   0x00000750   Code   RO         2776    i.HAL_RCC_OscConfig  stm32l1xx_hal_rcc.o
    0x08002d38   0x00000002   Code   RO         3542    i.HAL_RTCEx_AlarmBEventCallback  stm32l1xx_hal_rtc_ex.o
    0x08002d3a   0x00000002   PAD
    0x08002d3c   0x00000014   Code   RO         1137    i.HAL_RTC_AlarmAEventCallback  sys_time_module.o
    0x08002d50   0x0000005c   Code   RO         3436    i.HAL_RTC_AlarmIRQHandler  stm32l1xx_hal_rtc.o
    0x08002dac   0x00000044   Code   RO         3439    i.HAL_RTC_GetDate   stm32l1xx_hal_rtc.o
    0x08002df0   0x00000058   Code   RO         3581    i.HAL_RTC_GetTime   stm32l1xx_hal_rtc_ex.o
    0x08002e48   0x0000009c   Code   RO         3441    i.HAL_RTC_Init      stm32l1xx_hal_rtc.o
    0x08002ee4   0x00000078   Code   RO         1560    i.HAL_RTC_MspInit   rtc.o
    0x08002f5c   0x00000198   Code   RO         3583    i.HAL_RTC_SetAlarm_IT  stm32l1xx_hal_rtc_ex.o
    0x080030f4   0x000000c8   Code   RO         3445    i.HAL_RTC_SetDate   stm32l1xx_hal_rtc.o
    0x080031bc   0x000000e8   Code   RO         3446    i.HAL_RTC_SetTime   stm32l1xx_hal_rtc.o
    0x080032a4   0x0000003a   Code   RO         3584    i.HAL_RTC_WaitForSynchro  stm32l1xx_hal_rtc_ex.o
    0x080032de   0x00000028   Code   RO         3821    i.HAL_SPI_DeInit    stm32l1xx_hal_spi.o
    0x08003306   0x00000006   Code   RO         3824    i.HAL_SPI_GetState  stm32l1xx_hal_spi.o
    0x0800330c   0x00000084   Code   RO         4057    i.HAL_SPI_Init      stm32l1xx_hal_spi_ex.o
    0x08003390   0x00000002   Code   RO         3827    i.HAL_SPI_MspDeInit  stm32l1xx_hal_spi.o
    0x08003392   0x00000002   Code   RO         3828    i.HAL_SPI_MspInit   stm32l1xx_hal_spi.o
    0x08003394   0x00000142   Code   RO         3834    i.HAL_SPI_Transmit  stm32l1xx_hal_spi.o
    0x080034d6   0x000002b2   Code   RO         3835    i.HAL_SPI_TransmitReceive  stm32l1xx_hal_spi.o
    0x08003788   0x00000028   Code   RO         2273    i.HAL_SYSTICK_Config  stm32l1xx_hal_cortex.o
    0x080037b0   0x00000002   Code   RO         4750    i.HAL_UART_ErrorCallback  stm32l1xx_hal_uart.o
    0x080037b2   0x0000005e   Code   RO         4754    i.HAL_UART_Init     stm32l1xx_hal_uart.o
    0x08003810   0x00000080   Code   RO         1506    i.HAL_UART_MspInit  usart.o
    0x08003890   0x000000cc   Code   RO         4762    i.HAL_UART_Transmit  stm32l1xx_hal_uart.o
    0x0800395c   0x00000002   Code   RO         1429    i.HardFault_Handler  stm32l1xx_it.o
    0x0800395e   0x0000001a   Code   RO         2103    i.I2C_delay         pcf8563.o
    0x08003978   0x00000044   Code   RO         2104    i.IIC_Ack           pcf8563.o
    0x080039bc   0x000000c8   Code   RO         2105    i.IIC_Init          pcf8563.o
    0x08003a84   0x00000044   Code   RO         2106    i.IIC_NAck          pcf8563.o
    0x08003ac8   0x0000006c   Code   RO         2107    i.IIC_Read_Byte     pcf8563.o
    0x08003b34   0x00000074   Code   RO         2108    i.IIC_Send_Byte     pcf8563.o
    0x08003ba8   0x00000048   Code   RO         2109    i.IIC_Start         pcf8563.o
    0x08003bf0   0x00000048   Code   RO         2110    i.IIC_Stop          pcf8563.o
    0x08003c38   0x0000006c   Code   RO         2111    i.IIC_Wait_Ack      pcf8563.o
    0x08003ca4   0x0000001c   Code   RO         1602    i.IWDG_Init         iwdg.o
    0x08003cc0   0x000000e4   Code   RO         2205    i.MX_GPIO_Init      gpio.o
    0x08003da4   0x00000058   Code   RO         1561    i.MX_RTC_Init       rtc.o
    0x08003dfc   0x000001f8   Code   RO         1320    i.Measure_Thread    measure_moudle.o
    0x08003ff4   0x00000002   Code   RO         1430    i.MemManage_Handler  stm32l1xx_it.o
    0x08003ff6   0x00000002   Code   RO         1431    i.NMI_Handler       stm32l1xx_it.o
    0x08003ff8   0x00000020   Code   RO         2275    i.NVIC_SetPriority  stm32l1xx_hal_cortex.o
    0x08004018   0x000000a0   Code   RO         1321    i.OnBoardMeasure    measure_moudle.o
    0x080040b8   0x000005f8   Code   RO         2040    i.OutputHourDataFill  sensor.o
    0x080046b0   0x000000e4   Code   RO         2112    i.PCF8563_Read_Time  pcf8563.o
    0x08004794   0x000000fc   Code   RO         2113    i.PCF8563_Set_Time  pcf8563.o
    0x08004890   0x00000002   Code   RO         1379    i.PostSleepProcessing  main.o
    0x08004892   0x00000008   Code   RO         1380    i.PreSleepProcessing  main.o
    0x0800489a   0x00000002   PAD
    0x0800489c   0x00000078   Code   RO         2777    i.RCC_SetFlashLatencyFromMSIRange  stm32l1xx_hal_rcc.o
    0x08004914   0x0000000c   Code   RO         1432    i.RTC_Alarm_IRQHandler  stm32l1xx_it.o
    0x08004920   0x00000012   Code   RO         3447    i.RTC_Bcd2ToByte    stm32l1xx_hal_rtc.o
    0x08004932   0x00000016   Code   RO         3448    i.RTC_ByteToBcd2    stm32l1xx_hal_rtc.o
    0x08004948   0x0000003a   Code   RO         3449    i.RTC_EnterInitMode  stm32l1xx_hal_rtc.o
    0x08004982   0x00000002   PAD
    0x08004984   0x0000003c   Code   RO         2114    i.SDA_IN            pcf8563.o
    0x080049c0   0x0000003c   Code   RO         2115    i.SDA_OUT           pcf8563.o
    0x080049fc   0x00000064   Code   RO         1708    i.SD_IO_Init        sd_io_low.o
    0x08004a60   0x00000030   Code   RO         1709    i.SD_IO_ReadByte    sd_io_low.o
    0x08004a90   0x00000024   Code   RO         1710    i.SD_IO_WaitResponse  sd_io_low.o
    0x08004ab4   0x00000028   Code   RO         1711    i.SD_IO_WriteByte   sd_io_low.o
    0x08004adc   0x0000005c   Code   RO         1712    i.SD_IO_WriteCmd    sd_io_low.o
    0x08004b38   0x0000001c   Code   RO         1713    i.SD_IO_WriteDummy  sd_io_low.o
    0x08004b54   0x00000010   Code   RO         6496    i.SD_SendCmd        stm32_adafruit_sd.o
    0x08004b64   0x00000014   Code   RO         1950    i.SPI1_Error        ad7705.o
    0x08004b78   0x00000054   Code   RO         1951    i.SPI1_Init         ad7705.o
    0x08004bcc   0x00000088   Code   RO         1952    i.SPI1_MspInit      ad7705.o
    0x08004c54   0x0000009e   Code   RO         3856    i.SPI_WaitOnFlagUntilTimeout  stm32l1xx_hal_spi.o
    0x08004cf2   0x00000002   PAD
    0x08004cf4   0x00000014   Code   RO         1714    i.SPIx_Error        sd_io_low.o
    0x08004d08   0x00000050   Code   RO         1715    i.SPIx_Init         sd_io_low.o
    0x08004d58   0x0000008c   Code   RO         1716    i.SPIx_MspInit      sd_io_low.o
    0x08004de4   0x0000000e   Code   RO         1433    i.SysTick_Handler   stm32l1xx_it.o
    0x08004df2   0x00000002   PAD
    0x08004df4   0x000000c0   Code   RO         1138    i.SysTime_Thread    sys_time_module.o
    0x08004eb4   0x000000a8   Code   RO         1381    i.SystemClock_Config  main.o
    0x08004f5c   0x00000050   Code   RO         1099    i.SystemInit        system_stm32l1xx.o
    0x08004fac   0x00000128   Code   RO         1322    i.TemperaturesMeasure  measure_moudle.o
    0x080050d4   0x000002a0   Code   RO         4773    i.UART_SetConfig    stm32l1xx_hal_uart.o
    0x08005374   0x00000092   Code   RO         4775    i.UART_WaitOnFlagUntilTimeout  stm32l1xx_hal_uart.o
    0x08005406   0x00000002   PAD
    0x08005408   0x00000104   Code   RO         1274    i.USART1_IRQHandler  usart_module.o
    0x0800550c   0x00000028   Code   RO         1508    i.USART1_UART_Init  usart.o
    0x08005534   0x00000002   Code   RO         1434    i.UsageFault_Handler  stm32l1xx_it.o
    0x08005536   0x00000002   PAD
    0x08005538   0x000007d4   Code   RO         1275    i.Usart1_Thread     usart_module.o
    0x08005d0c   0x00000020   Code   RO         6809    i.__0printf         mc_w.l(printfa.o)
    0x08005d2c   0x00000028   Code   RO         6810    i.__0snprintf       mc_w.l(printfa.o)
    0x08005d54   0x0000000c   Code   RO         6903    i.__read_errno      mc_w.l(errno.o)
    0x08005d60   0x0000000e   Code   RO         6937    i.__scatterload_copy  mc_w.l(handlers.o)
    0x08005d6e   0x00000002   Code   RO         6938    i.__scatterload_null  mc_w.l(handlers.o)
    0x08005d70   0x0000000e   Code   RO         6939    i.__scatterload_zeroinit  mc_w.l(handlers.o)
    0x08005d7e   0x00000002   PAD
    0x08005d80   0x0000000c   Code   RO         6904    i.__set_errno       mc_w.l(errno.o)
    0x08005d8c   0x00000164   Code   RO         6816    i._fp_digits        mc_w.l(printfa.o)
    0x08005ef0   0x0000000e   Code   RO         6926    i._is_digit         mc_w.l(scanf_fp.o)
    0x08005efe   0x00000002   PAD
    0x08005f00   0x000006dc   Code   RO         6817    i._printf_core      mc_w.l(printfa.o)
    0x080065dc   0x00000024   Code   RO         6818    i._printf_post_padding  mc_w.l(printfa.o)
    0x08006600   0x0000002e   Code   RO         6819    i._printf_pre_padding  mc_w.l(printfa.o)
    0x0800662e   0x00000016   Code   RO         6820    i._snputc           mc_w.l(printfa.o)
    0x08006644   0x0000002a   Code   RO         6558    i.atof              m_ws.l(atof.o)
    0x0800666e   0x00000002   PAD
    0x08006670   0x00000032   Code   RO         2229    i.data_eeprom_read  eeprom.o
    0x080066a2   0x00000002   PAD
    0x080066a4   0x00000078   Code   RO         2230    i.data_eeprom_write  eeprom.o
    0x0800671c   0x00000030   Code   RO            1    i.eTaskConfirmSleepModeStatus  tasks.o
    0x0800674c   0x00000018   Code   RO         1509    i.fputc             usart.o
    0x08006764   0x0000005c   Code   RO         1139    i.get_sys_time      sys_time_module.o
    0x080067c0   0x00000060   Code   RO         1140    i.get_sys_time_tm   sys_time_module.o
    0x08006820   0x0000000c   Code   RO          570    i.inHandlerMode     cmsis_os.o
    0x0800682c   0x000001a4   Code   RO         1323    i.init_measure_module  measure_moudle.o
    0x080069d0   0x0000005c   Code   RO         1141    i.init_sys_time_module  sys_time_module.o
    0x08006a2c   0x00000060   Code   RO         1276    i.init_usart_module  usart_module.o
    0x08006a8c   0x00000016   Code   RO         1382    i.main              main.o
    0x08006aa2   0x0000000c   Code   RO          572    i.makeFreeRtosPriority  cmsis_os.o
    0x08006aae   0x0000000e   Code   RO          573    i.osDelay           cmsis_os.o
    0x08006abc   0x0000000a   Code   RO          576    i.osKernelStart     cmsis_os.o
    0x08006ac6   0x00000006   Code   RO          588    i.osMutexCreate     cmsis_os.o
    0x08006acc   0x00000048   Code   RO          590    i.osMutexRelease    cmsis_os.o
    0x08006b14   0x00000060   Code   RO          591    i.osMutexWait       cmsis_os.o
    0x08006b74   0x0000002e   Code   RO          599    i.osSemaphoreCreate  cmsis_os.o
    0x08006ba2   0x00000002   PAD
    0x08006ba4   0x00000048   Code   RO          601    i.osSemaphoreRelease  cmsis_os.o
    0x08006bec   0x00000060   Code   RO          602    i.osSemaphoreWait   cmsis_os.o
    0x08006c4c   0x00000014   Code   RO          605    i.osSystickHandler  cmsis_os.o
    0x08006c60   0x00000038   Code   RO          606    i.osThreadCreate    cmsis_os.o
    0x08006c98   0x00000034   Code   RO            3    i.prvAddCurrentTaskToDelayedList  tasks.o
    0x08006ccc   0x00000054   Code   RO            4    i.prvCheckTasksWaitingTermination  tasks.o
    0x08006d20   0x00000026   Code   RO          402    i.prvCopyDataFromQueue  queue.o
    0x08006d46   0x0000006e   Code   RO          403    i.prvCopyDataToQueue  queue.o
    0x08006db4   0x00000024   Code   RO            5    i.prvGetExpectedIdleTime  tasks.o
    0x08006dd8   0x0000004c   Code   RO         5841    i.prvHeapInit       heap_4.o
    0x08006e24   0x00000048   Code   RO            6    i.prvIdleTask       tasks.o
    0x08006e6c   0x0000004c   Code   RO         5842    i.prvInsertBlockIntoFreeList  heap_4.o
    0x08006eb8   0x00000020   Code   RO            8    i.prvResetNextTaskUnblockTime  tasks.o
    0x08006ed8   0x00000018   Code   RO         5759    i.prvTaskExitError  port.o
    0x08006ef0   0x00000064   Code   RO          404    i.prvUnlockQueue    queue.o
    0x08006f54   0x000000bc   Code   RO         5843    i.pvPortMalloc      heap_4.o
    0x08007010   0x00000018   Code   RO           10    i.pvTaskIncrementMutexHeldCount  tasks.o
    0x08007028   0x00000020   Code   RO         5760    i.pxPortInitialiseStack  port.o
    0x08007048   0x0000001c   Code   RO         1324    i.start_measure     measure_moudle.o
    0x08007064   0x000000a4   Code   RO         1643    i.sync_time         time_related.o
    0x08007108   0x00000024   Code   RO          357    i.uxListRemove      list.o
    0x0800712c   0x00000016   Code   RO          358    i.vListInitialise   list.o
    0x08007142   0x00000006   Code   RO          359    i.vListInitialiseItem  list.o
    0x08007148   0x00000030   Code   RO          360    i.vListInsert       list.o
    0x08007178   0x00000018   Code   RO          361    i.vListInsertEnd    list.o
    0x08007190   0x00000034   Code   RO         5762    i.vPortEnterCritical  port.o
    0x080071c4   0x00000024   Code   RO         5763    i.vPortExitCritical  port.o
    0x080071e8   0x00000048   Code   RO         5844    i.vPortFree         heap_4.o
    0x08007230   0x00000044   Code   RO         5764    i.vPortSetupTimerInterrupt  port.o
    0x08007274   0x000000e0   Code   RO         5765    i.vPortSuppressTicksAndSleep  port.o
    0x08007354   0x00000040   Code   RO         5766    i.vPortValidateInterruptPriority  port.o
    0x08007394   0x00000018   Code   RO         5767    i.vPortYield        port.o
    0x080073ac   0x00000050   Code   RO           18    i.vTaskDelay        tasks.o
    0x080073fc   0x0000000c   Code   RO           22    i.vTaskMissedYield  tasks.o
    0x08007408   0x00000058   Code   RO           24    i.vTaskPlaceOnEventList  tasks.o
    0x08007460   0x00000084   Code   RO           26    i.vTaskPriorityInherit  tasks.o
    0x080074e4   0x0000001c   Code   RO           30    i.vTaskSetTimeOutState  tasks.o
    0x08007500   0x00000054   Code   RO           31    i.vTaskStartScheduler  tasks.o
    0x08007554   0x00000020   Code   RO           32    i.vTaskStepTick     tasks.o
    0x08007574   0x00000010   Code   RO           34    i.vTaskSuspendAll   tasks.o
    0x08007584   0x00000054   Code   RO           35    i.vTaskSwitchContext  tasks.o
    0x080075d8   0x00000074   Code   RO         5768    i.xPortStartScheduler  port.o
    0x0800764c   0x00000024   Code   RO         5769    i.xPortSysTickHandler  port.o
    0x08007670   0x0000002a   Code   RO          414    i.xQueueCreateCountingSemaphore  queue.o
    0x0800769a   0x0000004a   Code   RO          415    i.xQueueCreateMutex  queue.o
    0x080076e4   0x00000050   Code   RO          416    i.xQueueGenericCreate  queue.o
    0x08007734   0x0000012e   Code   RO          417    i.xQueueGenericReceive  queue.o
    0x08007862   0x0000006a   Code   RO          418    i.xQueueGenericReset  queue.o
    0x080078cc   0x00000114   Code   RO          419    i.xQueueGenericSend  queue.o
    0x080079e0   0x00000076   Code   RO          422    i.xQueueGiveFromISR  queue.o
    0x08007a56   0x00000076   Code   RO          427    i.xQueueReceiveFromISR  queue.o
    0x08007acc   0x00000058   Code   RO           36    i.xTaskCheckForTimeOut  tasks.o
    0x08007b24   0x0000018c   Code   RO           37    i.xTaskGenericCreate  tasks.o
    0x08007cb0   0x0000001c   Code   RO           41    i.xTaskGetSchedulerState  tasks.o
    0x08007ccc   0x000000c0   Code   RO           44    i.xTaskIncrementTick  tasks.o
    0x08007d8c   0x00000084   Code   RO           47    i.xTaskPriorityDisinherit  tasks.o
    0x08007e10   0x00000070   Code   RO           48    i.xTaskRemoveFromEventList  tasks.o
    0x08007e80   0x000000ac   Code   RO           50    i.xTaskResumeAll    tasks.o
    0x08007f2c   0x00000019   Data   RO         1100    .constdata          system_stm32l1xx.o
    0x08007f45   0x00000008   Data   RO         1101    .constdata          system_stm32l1xx.o
    0x08007f4d   0x00000003   PAD
    0x08007f50   0x00000014   Data   RO         1144    .constdata          sys_time_module.o
    0x08007f64   0x00000014   Data   RO         1278    .constdata          usart_module.o
    0x08007f78   0x00000014   Data   RO         1326    .constdata          measure_moudle.o
    0x08007f8c   0x000000ac   Data   RO         2045    .constdata          sensor.o
    0x08008038   0x00000040   Data   RO         6931    .constdata          mc_w.l(ctype_c.o)
    0x08008078   0x00000008   Data   RO         1145    .conststring        sys_time_module.o
    0x08008080   0x00000007   Data   RO         1279    .conststring        usart_module.o
    0x08008087   0x00000001   PAD
    0x08008088   0x00000008   Data   RO         1327    .conststring        measure_moudle.o
    0x08008090   0x00000020   Data   RO         6935    Region$$Table       anon$$obj.o


    Execution Region RW_IRAM1 (Base: 0x20000000, Size: 0x000025b8, Max: 0x00002800, ABSOLUTE)

    Base Addr    Size         Type   Attr      Idx    E Section Name        Object

    0x20000000   0x00000038   Data   RW           53    .data               tasks.o
    0x20000038   0x00000004   Data   RW         1102    .data               system_stm32l1xx.o
    0x2000003c   0x00000010   Data   RW         1146    .data               sys_time_module.o
    0x2000004c   0x00000014   Data   RW         1280    .data               usart_module.o
    0x20000060   0x00000018   Data   RW         1328    .data               measure_moudle.o
    0x20000078   0x00000004   Data   RW         1718    .data               sd_io_low.o
    0x2000007c   0x00000004   Data   RW         1954    .data               ad7705.o
    0x20000080   0x0000000e   Data   RW         2116    .data               pcf8563.o
    0x2000008e   0x00000002   PAD
    0x20000090   0x00000004   Data   RW         2401    .data               stm32l1xx_hal.o
    0x20000094   0x00000018   Data   RW         5770    .data               port.o
    0x200000ac   0x00000018   Data   RW         5849    .data               heap_4.o
    0x200000c4   0x00000001   Data   RW         6497    .data               stm32_adafruit_sd.o
    0x200000c5   0x00000003   PAD
    0x200000c8   0x00000004   Data   RW         6889    .data               mc_w.l(stdout.o)
    0x200000cc   0x00000004   Data   RW         6905    .data               mc_w.l(errno.o)
    0x200000d0   0x000000f0   Zero   RW           52    .bss                tasks.o
    0x200001c0   0x00000014   Zero   RW         1143    .bss                sys_time_module.o
    0x200001d4   0x00000214   Zero   RW         1277    .bss                usart_module.o
    0x200003e8   0x00000040   Zero   RW         1325    .bss                measure_moudle.o
    0x20000428   0x00000040   Zero   RW         1510    .bss                usart.o
    0x20000468   0x00000020   Zero   RW         1562    .bss                rtc.o
    0x20000488   0x0000000c   Zero   RW         1603    .bss                iwdg.o
    0x20000494   0x00000058   Zero   RW         1717    .bss                sd_io_low.o
    0x200004ec   0x00000054   Zero   RW         1834    .bss                adc.o
    0x20000540   0x00000058   Zero   RW         1953    .bss                ad7705.o
    0x20000598   0x00000184   Zero   RW         2043    .bss                sensor.o
    0x2000071c   0x00000200   Zero   RW         2044    .bss                sensor.o
    0x2000091c   0x00000018   Zero   RW         3192    .bss                stm32l1xx_hal_flash.o
    0x20000934   0x00000c80   Zero   RW         5848    .bss                heap_4.o
    0x200015b4   0x00000004   PAD
    0x200015b8   0x00001000   Zero   RW          912    STACK               startup_stm32l152xc.o


==============================================================================

Image component sizes


      Code (inc. data)   RO Data    RW Data    ZI Data      Debug   Object Name

       916         80          0          4         88       8864   ad7705.o
       184         20          0          0         84       1924   adc.o
       512         20          0          0          0      17650   cmsis_os.o
       170          4          0          0          0       1647   eeprom.o
       228         16          0          0          0       1123   gpio.o
       412         24          0         24       3200       4651   heap_4.o
        28          8          0          0         12        768   iwdg.o
       136          0          0          0          0       3886   list.o
       200         10          0          0          0       2787   main.o
      1408        174         28         24         64       5104   measure_moudle.o
      1438         60          0         14          0       9842   pcf8563.o
       838         84          0         24          0      11003   port.o
      1364          0          0          0          0      11769   queue.o
       208         24          0          0         32       1983   rtc.o
       584         62          0          4         88       6545   sd_io_low.o
      1988        222        172          0        900       7565   sensor.o
        36          8        292          0       4096        868   startup_stm32l152xc.o
       332          4          0          1          0       4502   stm32_adafruit_sd.o
         0          0          0          0          0     441820   stm32l152c_discovery.o
       130         16          0          4          0       4945   stm32l1xx_hal.o
      1146         42          0          0          0       5883   stm32l1xx_hal_adc.o
       248         22          0          0          0      29152   stm32l1xx_hal_cortex.o
       204         14          0          0         24       1878   stm32l1xx_hal_flash.o
       272         26          0          0          0       4416   stm32l1xx_hal_flash_ex.o
       440         38          0          0          0       3902   stm32l1xx_hal_gpio.o
        94          0          0          0          0       1971   stm32l1xx_hal_iwdg.o
        72         14          0          0          0       1300   stm32l1xx_hal_pwr.o
        16          6          0          0          0        652   stm32l1xx_hal_pwr_ex.o
      2916        114          0          0          0       8547   stm32l1xx_hal_rcc.o
       392         14          0          0          0       1628   stm32l1xx_hal_rcc_ex.o
       846         26          0          0          0       6823   stm32l1xx_hal_rtc.o
       556          8          0          0          0       3869   stm32l1xx_hal_rtc_ex.o
      1220          0          0          0          0       6459   stm32l1xx_hal_spi.o
       132          0          0          0          0       1267   stm32l1xx_hal_spi_ex.o
      1118          6          0          0          0       4753   stm32l1xx_hal_uart.o
        44          6          0          0          0       4559   stm32l1xx_it.o
       564         66         28         16         20       9931   sys_time_module.o
        80         18         33          4          0       1451   system_stm32l1xx.o
      2024        174          0         56        240      41118   tasks.o
       164         10          0          0          0        784   time_related.o
         0          0          0          0          0       3164   timers.o
       192         30          0          0         64       2463   usart.o
      2360        382         27         20        532       7436   usart_module.o

    ----------------------------------------------------------------------
     26244       1852        616        200       9448     702652   Object Totals
         0          0         32          0          0          0   (incl. Generated)
        32          0          4          5          4          0   (incl. Padding)

    ----------------------------------------------------------------------

      Code (inc. data)   RO Data    RW Data    ZI Data      Debug   Library Member Name

        42          0          0          0          0         84   atof.o
        64          0          0          0          0         84   _sgetc.o
        40          6         64          0          0         68   ctype_c.o
         0          0          0          0          0          0   entry.o
         0          0          0          0          0          0   entry10a.o
         0          0          0          0          0          0   entry11a.o
         8          4          0          0          0          0   entry2.o
         4          0          0          0          0          0   entry5.o
         0          0          0          0          0          0   entry7b.o
         0          0          0          0          0          0   entry8b.o
         8          4          0          0          0          0   entry9a.o
        24         12          0          4          0        136   errno.o
        30          0          0          0          0          0   handlers.o
        36          8          0          0          0         68   init.o
        10          0          0          0          0         68   isspace_c.o
         0          0          0          0          0          0   iusefp.o
        30          0          0          0          0         68   llshl.o
        36          0          0          0          0         68   llsshr.o
        32          0          0          0          0         68   llushr.o
        26          0          0          0          0         80   memcmp.o
        36          0          0          0          0         68   memcpya.o
        36          0          0          0          0        108   memseta.o
      2288         94          0          0          0        596   printfa.o
       838         12          0          0          0        216   scanf_fp.o
         0          0          0          4          0          0   stdout.o
        42          0          0          0          0         84   strcasecmp.o
        14          0          0          0          0         68   strlen.o
       156         14          0          0          0        120   strtod.o
        12          0          0          0          0         68   tolower.o
        44          0          0          0          0         80   uidiv.o
        98          0          0          0          0         92   uldiv.o
        48          0          0          0          0         68   cdcmple.o
        48          0          0          0          0         68   cdrcmple.o
        20          0          0          0          0         68   cfcmple.o
        20          0          0          0          0         68   cfrcmple.o
        56          0          0          0          0         88   d2f.o
       334          0          0          0          0        148   dadd.o
       222          0          0          0          0        100   ddiv.o
       186          0          0          0          0        176   depilogue.o
        62          0          0          0          0         80   dfixi.o
        50          0          0          0          0         76   dfixui.o
        48          0          0          0          0         68   dfixul.o
        24          0          0          0          0         76   dfltul.o
       228          0          0          0          0         96   dmul.o
        46          0          0          0          0         80   dscalb.o
        38          0          0          0          0         68   f2d.o
       176          0          0          0          0        140   fadd.o
       124          0          0          0          0         88   fdiv.o
       110          0          0          0          0        168   fepilogue.o
        50          0          0          0          0         68   ffixi.o
        40          0          0          0          0         68   ffixui.o
        18          0          0          0          0         68   fflti.o
        10          0          0          0          0         68   ffltui.o
       100          0          0          0          0         76   fmul.o

    ----------------------------------------------------------------------
      6020        154         64          8          0       4364   Library Totals
         8          0          0          0          0          0   (incl. Padding)

    ----------------------------------------------------------------------

      Code (inc. data)   RO Data    RW Data    ZI Data      Debug   Library Name

        42          0          0          0          0         84   m_ws.l
      3912        154         64          8          0       2208   mc_w.l
      2058          0          0          0          0       2072   mf_w.l

    ----------------------------------------------------------------------
      6020        154         64          8          0       4364   Library Totals

    ----------------------------------------------------------------------

==============================================================================


      Code (inc. data)   RO Data    RW Data    ZI Data      Debug   

     32264       2006        680        208       9448     693648   Grand Totals
     32264       2006        680        208       9448     693648   ELF Image Totals
     32264       2006        680        208          0          0   ROM Totals

==============================================================================

    Total RO  Size (Code + RO Data)                32944 (  32.17kB)
    Total RW  Size (RW Data + ZI Data)              9656 (   9.43kB)
    Total ROM Size (Code + RO Data + RW Data)      33152 (  32.38kB)

==============================================================================

